设备: cuda
标注视频总数: 3634
独立验证标注视频数: 909
训练标注集: 3634 | 验证集(锁定): 909 | 未标注视频: 909

===== 轮次 1/5 | B.1 伪标签生成 =====
D:\videoquality\vqa\train_utils.py:44: FutureWarning: `torch.cuda.amp.GradScaler(args...)` is deprecated. Please use `torch.amp.GradScaler('cuda', args...)` instead.
  scaler = torch.cuda.amp.GradScaler(
  [epoch 1] step 10/636 loss=0.018
  [epoch 1] step 20/636 loss=0.077
  [epoch 1] step 30/636 loss=0.007
  [epoch 1] step 40/636 loss=0.013
  [epoch 1] step 50/636 loss=0.042
  [epoch 1] step 60/636 loss=0.005
  [epoch 1] step 70/636 loss=0.030
  [epoch 1] step 80/636 loss=0.024
  [epoch 1] step 90/636 loss=0.141
  [epoch 1] step 100/636 loss=0.039
  [epoch 1] step 110/636 loss=0.010
  [epoch 1] step 120/636 loss=0.052
  [epoch 1] step 130/636 loss=0.033
  [epoch 1] step 140/636 loss=0.021
  [epoch 1] step 150/636 loss=0.010
  [epoch 1] step 160/636 loss=0.008
  [epoch 1] step 170/636 loss=0.050
  [epoch 1] step 180/636 loss=0.057
  [epoch 1] step 190/636 loss=0.014
  [epoch 1] step 200/636 loss=0.046
  [epoch 1] step 210/636 loss=0.009
  [epoch 1] step 220/636 loss=0.007
  [epoch 1] step 230/636 loss=0.036
  [epoch 1] step 240/636 loss=0.032
  [epoch 1] step 250/636 loss=0.012
  [epoch 1] step 260/636 loss=0.023
  [epoch 1] step 270/636 loss=0.014
  [epoch 1] step 280/636 loss=0.031
  [epoch 1] step 290/636 loss=0.023
  [epoch 1] step 300/636 loss=0.017
  [epoch 1] step 310/636 loss=0.011
  [epoch 1] step 320/636 loss=0.018
  [epoch 1] step 330/636 loss=0.010
  [epoch 1] step 340/636 loss=0.031
  [epoch 1] step 350/636 loss=0.006
  [epoch 1] step 360/636 loss=0.059
  [epoch 1] step 370/636 loss=0.023
  [epoch 1] step 380/636 loss=0.003
  [epoch 1] step 390/636 loss=0.047
  [epoch 1] step 400/636 loss=0.015
  [epoch 1] step 410/636 loss=0.038
  [epoch 1] step 420/636 loss=0.009
  [epoch 1] step 430/636 loss=0.090
  [epoch 1] step 440/636 loss=0.062
  [epoch 1] step 450/636 loss=0.026
  [epoch 1] step 460/636 loss=0.013
  [epoch 1] step 470/636 loss=0.023
  [epoch 1] step 480/636 loss=0.016
  [epoch 1] step 490/636 loss=0.011
  [epoch 1] step 500/636 loss=0.018
  [epoch 1] step 510/636 loss=0.054
  [epoch 1] step 520/636 loss=0.036
  [epoch 1] step 530/636 loss=0.088
  [epoch 1] step 540/636 loss=0.019
  [epoch 1] step 550/636 loss=0.017
  [epoch 1] step 560/636 loss=0.067
  [epoch 1] step 570/636 loss=0.009
  [epoch 1] step 580/636 loss=0.128
  [epoch 1] step 590/636 loss=0.050
  [epoch 1] step 600/636 loss=0.043
  [epoch 1] step 610/636 loss=0.157
  [epoch 1] step 620/636 loss=0.071
  [epoch 1] step 630/636 loss=0.024
  [epoch 2] step 10/636 loss=0.010
  [epoch 2] step 20/636 loss=0.139
  [epoch 2] step 30/636 loss=0.006
  [epoch 2] step 40/636 loss=0.054
  [epoch 2] step 50/636 loss=0.030
  [epoch 2] step 60/636 loss=0.016
  [epoch 2] step 70/636 loss=0.004
  [epoch 2] step 80/636 loss=0.056
  [epoch 2] step 90/636 loss=0.026
  [epoch 2] step 100/636 loss=0.015
  [epoch 2] step 110/636 loss=0.037
  [epoch 2] step 120/636 loss=0.023
  [epoch 2] step 130/636 loss=0.058
  [epoch 2] step 140/636 loss=0.007
  [epoch 2] step 150/636 loss=0.025
  [epoch 2] step 160/636 loss=0.009
  [epoch 2] step 170/636 loss=0.016
  [epoch 2] step 180/636 loss=0.015
  [epoch 2] step 190/636 loss=0.015
  [epoch 2] step 200/636 loss=0.016
  [epoch 2] step 210/636 loss=0.088
  [epoch 2] step 220/636 loss=0.069
  [epoch 2] step 230/636 loss=0.009
  [epoch 2] step 240/636 loss=0.009
  [epoch 2] step 250/636 loss=0.047
  [epoch 2] step 260/636 loss=0.020
  [epoch 2] step 270/636 loss=0.043
  [epoch 2] step 280/636 loss=0.035
  [epoch 2] step 290/636 loss=0.005
  [epoch 2] step 300/636 loss=0.047
  [epoch 2] step 310/636 loss=0.019
  [epoch 2] step 320/636 loss=0.023
  [epoch 2] step 330/636 loss=0.091
  [epoch 2] step 340/636 loss=0.020
  [epoch 2] step 350/636 loss=0.016
  [epoch 2] step 360/636 loss=0.124
  [epoch 2] step 370/636 loss=0.021
  [epoch 2] step 380/636 loss=0.039
  [epoch 2] step 390/636 loss=0.015
  [epoch 2] step 400/636 loss=0.037
  [epoch 2] step 410/636 loss=0.025
  [epoch 2] step 420/636 loss=0.097
  [epoch 2] step 430/636 loss=0.014
  [epoch 2] step 440/636 loss=0.030
  [epoch 2] step 450/636 loss=0.020
  [epoch 2] step 460/636 loss=0.021
  [epoch 2] step 470/636 loss=0.028
  [epoch 2] step 480/636 loss=0.030
  [epoch 2] step 490/636 loss=0.005
  [epoch 2] step 500/636 loss=0.042
  [epoch 2] step 510/636 loss=0.028
  [epoch 2] step 520/636 loss=0.041
  [epoch 2] step 530/636 loss=0.030
  [epoch 2] step 540/636 loss=0.015
  [epoch 2] step 550/636 loss=0.021
  [epoch 2] step 560/636 loss=0.006
  [epoch 2] step 570/636 loss=0.014
  [epoch 2] step 580/636 loss=0.018
  [epoch 2] step 590/636 loss=0.014
  [epoch 2] step 600/636 loss=0.011
  [epoch 2] step 610/636 loss=0.149
  [epoch 2] step 620/636 loss=0.013
  [epoch 2] step 630/636 loss=0.044
  [epoch 3] step 10/636 loss=0.041
  [epoch 3] step 20/636 loss=0.025
  [epoch 3] step 30/636 loss=0.063
  [epoch 3] step 40/636 loss=0.030
  [epoch 3] step 50/636 loss=0.018
  [epoch 3] step 60/636 loss=0.063
  [epoch 3] step 70/636 loss=0.012
  [epoch 3] step 80/636 loss=0.011
  [epoch 3] step 90/636 loss=0.012
  [epoch 3] step 100/636 loss=0.059
  [epoch 3] step 110/636 loss=0.054
  [epoch 3] step 120/636 loss=0.053
  [epoch 3] step 130/636 loss=0.027
  [epoch 3] step 140/636 loss=0.040
  [epoch 3] step 150/636 loss=0.346
  [epoch 3] step 160/636 loss=0.140
  [epoch 3] step 170/636 loss=0.074
  [epoch 3] step 180/636 loss=0.038
  [epoch 3] step 190/636 loss=0.023
  [epoch 3] step 200/636 loss=0.021
  [epoch 3] step 210/636 loss=0.037
  [epoch 3] step 220/636 loss=0.012
  [epoch 3] step 230/636 loss=0.022
  [epoch 3] step 240/636 loss=0.035
  [epoch 3] step 250/636 loss=0.018
  [epoch 3] step 260/636 loss=0.005
  [epoch 3] step 270/636 loss=0.027
  [epoch 3] step 280/636 loss=0.039
  [epoch 3] step 290/636 loss=0.167
  [epoch 3] step 300/636 loss=0.014
  [epoch 3] step 310/636 loss=0.014
  [epoch 3] step 320/636 loss=0.024
  [epoch 3] step 330/636 loss=0.020
  [epoch 3] step 340/636 loss=0.002
  [epoch 3] step 350/636 loss=0.013
  [epoch 3] step 360/636 loss=0.018
  [epoch 3] step 370/636 loss=0.021
  [epoch 3] step 380/636 loss=0.020
  [epoch 3] step 390/636 loss=0.021
  [epoch 3] step 400/636 loss=0.006
  [epoch 3] step 410/636 loss=0.101
  [epoch 3] step 420/636 loss=0.024
  [epoch 3] step 430/636 loss=0.022
  [epoch 3] step 440/636 loss=0.024
  [epoch 3] step 450/636 loss=0.004
  [epoch 3] step 460/636 loss=0.015
  [epoch 3] step 470/636 loss=0.062
  [epoch 3] step 480/636 loss=0.017
  [epoch 3] step 490/636 loss=0.009
  [epoch 3] step 500/636 loss=0.037
  [epoch 3] step 510/636 loss=0.078
  [epoch 3] step 520/636 loss=0.021
  [epoch 3] step 530/636 loss=0.015
  [epoch 3] step 540/636 loss=0.044
  [epoch 3] step 550/636 loss=0.023
  [epoch 3] step 560/636 loss=0.028
  [epoch 3] step 570/636 loss=0.031
  [epoch 3] step 580/636 loss=0.018
  [epoch 3] step 590/636 loss=0.005
  [epoch 3] step 600/636 loss=0.055
  [epoch 3] step 610/636 loss=0.010
  [epoch 3] step 620/636 loss=0.014
  [epoch 3] step 630/636 loss=0.026
  run 1/5 完成
  [epoch 1] step 10/636 loss=0.137
  [epoch 1] step 20/636 loss=0.011
  [epoch 1] step 30/636 loss=0.014
  [epoch 1] step 40/636 loss=0.019
  [epoch 1] step 50/636 loss=0.065
  [epoch 1] step 60/636 loss=0.002
  [epoch 1] step 70/636 loss=0.051
  [epoch 1] step 80/636 loss=0.039
  [epoch 1] step 90/636 loss=0.068
  [epoch 1] step 100/636 loss=0.044
  [epoch 1] step 110/636 loss=0.031
  [epoch 1] step 120/636 loss=0.085
  [epoch 1] step 130/636 loss=0.074
  [epoch 1] step 140/636 loss=0.086
  [epoch 1] step 150/636 loss=0.009
  [epoch 1] step 160/636 loss=0.001
  [epoch 1] step 170/636 loss=0.019
  [epoch 1] step 180/636 loss=0.093
  [epoch 1] step 190/636 loss=0.063
  [epoch 1] step 200/636 loss=0.017
  [epoch 1] step 210/636 loss=0.028
  [epoch 1] step 220/636 loss=0.013
  [epoch 1] step 230/636 loss=0.025
  [epoch 1] step 240/636 loss=0.020
  [epoch 1] step 250/636 loss=0.021
  [epoch 1] step 260/636 loss=0.035
  [epoch 1] step 270/636 loss=0.045
  [epoch 1] step 280/636 loss=0.205
  [epoch 1] step 290/636 loss=0.014
  [epoch 1] step 300/636 loss=0.022
  [epoch 1] step 310/636 loss=0.030
  [epoch 1] step 320/636 loss=0.093
  [epoch 1] step 330/636 loss=0.021
  [epoch 1] step 340/636 loss=0.036
  [epoch 1] step 350/636 loss=0.047
  [epoch 1] step 360/636 loss=0.037
  [epoch 1] step 370/636 loss=0.028
  [epoch 1] step 380/636 loss=0.023
  [epoch 1] step 390/636 loss=0.005
  [epoch 1] step 400/636 loss=0.073
  [epoch 1] step 410/636 loss=0.124
  [epoch 1] step 420/636 loss=0.049
  [epoch 1] step 430/636 loss=0.079
  [epoch 1] step 440/636 loss=0.021
  [epoch 1] step 450/636 loss=0.048
  [epoch 1] step 460/636 loss=0.033
  [epoch 1] step 470/636 loss=0.065
  [epoch 1] step 480/636 loss=0.005
  [epoch 1] step 490/636 loss=0.030
  [epoch 1] step 500/636 loss=0.030
  [epoch 1] step 510/636 loss=0.046
  [epoch 1] step 520/636 loss=0.016
  [epoch 1] step 530/636 loss=0.033
  [epoch 1] step 540/636 loss=0.081
  [epoch 1] step 550/636 loss=0.022
  [epoch 1] step 560/636 loss=0.090
  [epoch 1] step 570/636 loss=0.011
  [epoch 1] step 580/636 loss=0.034
  [epoch 1] step 590/636 loss=0.024
  [epoch 1] step 600/636 loss=0.043
  [epoch 1] step 610/636 loss=0.011
  [epoch 1] step 620/636 loss=0.028
  [epoch 1] step 630/636 loss=0.036
  [epoch 2] step 10/636 loss=0.101
  [epoch 2] step 20/636 loss=0.009
  [epoch 2] step 30/636 loss=0.040
  [epoch 2] step 40/636 loss=0.051
  [epoch 2] step 50/636 loss=0.072
  [epoch 2] step 60/636 loss=0.025
  [epoch 2] step 70/636 loss=0.086
  [epoch 2] step 80/636 loss=0.010
  [epoch 2] step 90/636 loss=0.033
  [epoch 2] step 100/636 loss=0.006
  [epoch 2] step 110/636 loss=0.101
  [epoch 2] step 120/636 loss=0.038
  [epoch 2] step 130/636 loss=0.042
  [epoch 2] step 140/636 loss=0.018
  [epoch 2] step 150/636 loss=0.016
  [epoch 2] step 160/636 loss=0.091
  [epoch 2] step 170/636 loss=0.044
  [epoch 2] step 180/636 loss=0.023
  [epoch 2] step 190/636 loss=0.013
  [epoch 2] step 200/636 loss=0.150
  [epoch 2] step 210/636 loss=0.053
  [epoch 2] step 220/636 loss=0.055
  [epoch 2] step 230/636 loss=0.047
  [epoch 2] step 240/636 loss=0.061
  [epoch 2] step 250/636 loss=0.034
  [epoch 2] step 260/636 loss=0.013
  [epoch 2] step 270/636 loss=0.027
  [epoch 2] step 280/636 loss=0.028
  [epoch 2] step 290/636 loss=0.067
  [epoch 2] step 300/636 loss=0.006
  [epoch 2] step 310/636 loss=0.062
  [epoch 2] step 320/636 loss=0.096
  [epoch 2] step 330/636 loss=0.081
  [epoch 2] step 340/636 loss=0.031
  [epoch 2] step 350/636 loss=0.010
  [epoch 2] step 360/636 loss=0.041
  [epoch 2] step 370/636 loss=0.033
  [epoch 2] step 380/636 loss=0.009
  [epoch 2] step 390/636 loss=0.028
  [epoch 2] step 400/636 loss=0.018
  [epoch 2] step 410/636 loss=0.003
  [epoch 2] step 420/636 loss=0.016
  [epoch 2] step 430/636 loss=0.031
  [epoch 2] step 440/636 loss=0.020
  [epoch 2] step 450/636 loss=0.020
  [epoch 2] step 460/636 loss=0.009
  [epoch 2] step 470/636 loss=0.004
  [epoch 2] step 480/636 loss=0.018
  [epoch 2] step 490/636 loss=0.013
  [epoch 2] step 500/636 loss=0.095
  [epoch 2] step 510/636 loss=0.019
  [epoch 2] step 520/636 loss=0.031
  [epoch 2] step 530/636 loss=0.006
  [epoch 2] step 540/636 loss=0.021
  [epoch 2] step 550/636 loss=0.049
  [epoch 2] step 560/636 loss=0.046
  [epoch 2] step 570/636 loss=0.038
  [epoch 2] step 580/636 loss=0.015
  [epoch 2] step 590/636 loss=0.024
  [epoch 2] step 600/636 loss=0.047
  [epoch 2] step 610/636 loss=0.015
  [epoch 2] step 620/636 loss=0.014
  [epoch 2] step 630/636 loss=0.049
  [epoch 3] step 10/636 loss=0.017
  [epoch 3] step 20/636 loss=0.008
  [epoch 3] step 30/636 loss=0.011
  [epoch 3] step 40/636 loss=0.041
  [epoch 3] step 50/636 loss=0.031
  [epoch 3] step 60/636 loss=0.004
  [epoch 3] step 70/636 loss=0.003
  [epoch 3] step 80/636 loss=0.069
  [epoch 3] step 90/636 loss=0.025
  [epoch 3] step 100/636 loss=0.017
  [epoch 3] step 110/636 loss=0.048
  [epoch 3] step 120/636 loss=0.009
  [epoch 3] step 130/636 loss=0.147
  [epoch 3] step 140/636 loss=0.008
  [epoch 3] step 150/636 loss=0.014
  [epoch 3] step 160/636 loss=0.013
  [epoch 3] step 170/636 loss=0.012
  [epoch 3] step 180/636 loss=0.009
  [epoch 3] step 190/636 loss=0.030
  [epoch 3] step 200/636 loss=0.006
  [epoch 3] step 210/636 loss=0.015
  [epoch 3] step 220/636 loss=0.032
  [epoch 3] step 230/636 loss=0.031
  [epoch 3] step 240/636 loss=0.009
  [epoch 3] step 250/636 loss=0.066
  [epoch 3] step 260/636 loss=0.016
  [epoch 3] step 270/636 loss=0.013
  [epoch 3] step 280/636 loss=0.018
  [epoch 3] step 290/636 loss=0.031
  [epoch 3] step 300/636 loss=0.022
  [epoch 3] step 310/636 loss=0.036
  [epoch 3] step 320/636 loss=0.027
  [epoch 3] step 330/636 loss=0.009
  [epoch 3] step 340/636 loss=0.025
  [epoch 3] step 350/636 loss=0.007
  [epoch 3] step 360/636 loss=0.058
  [epoch 3] step 370/636 loss=0.007
  [epoch 3] step 380/636 loss=0.025
  [epoch 3] step 390/636 loss=0.004
  [epoch 3] step 400/636 loss=0.030
  [epoch 3] step 410/636 loss=0.003
  [epoch 3] step 420/636 loss=0.004
  [epoch 3] step 430/636 loss=0.029
  [epoch 3] step 440/636 loss=0.091
  [epoch 3] step 450/636 loss=0.016
  [epoch 3] step 460/636 loss=0.013
  [epoch 3] step 470/636 loss=0.004
  [epoch 3] step 480/636 loss=0.011
  [epoch 3] step 490/636 loss=0.015
  [epoch 3] step 500/636 loss=0.021
  [epoch 3] step 510/636 loss=0.055
  [epoch 3] step 520/636 loss=0.010
  [epoch 3] step 530/636 loss=0.027
  [epoch 3] step 540/636 loss=0.009
  [epoch 3] step 550/636 loss=0.047
  [epoch 3] step 560/636 loss=0.021
  [epoch 3] step 570/636 loss=0.013
  [epoch 3] step 580/636 loss=0.032
  [epoch 3] step 590/636 loss=0.015
  [epoch 3] step 600/636 loss=0.009
  [epoch 3] step 610/636 loss=0.030
  [epoch 3] step 620/636 loss=0.070
  [epoch 3] step 630/636 loss=0.035
  run 2/5 完成
  [epoch 1] step 10/636 loss=0.023
  [epoch 1] step 20/636 loss=0.081
  [epoch 1] step 30/636 loss=0.052
  [epoch 1] step 40/636 loss=0.062
  [epoch 1] step 50/636 loss=0.019
  [epoch 1] step 60/636 loss=0.063
  [epoch 1] step 70/636 loss=0.014
  [epoch 1] step 80/636 loss=0.037
  [epoch 1] step 90/636 loss=0.015
  [epoch 1] step 100/636 loss=0.024
  [epoch 1] step 110/636 loss=0.033
  [epoch 1] step 120/636 loss=0.054
  [epoch 1] step 130/636 loss=0.022
  [epoch 1] step 140/636 loss=0.007
  [epoch 1] step 150/636 loss=0.051
  [epoch 1] step 160/636 loss=0.049
  [epoch 1] step 170/636 loss=0.025
  [epoch 1] step 180/636 loss=0.049
  [epoch 1] step 190/636 loss=0.053
  [epoch 1] step 200/636 loss=0.129
  [epoch 1] step 210/636 loss=0.021
  [epoch 1] step 220/636 loss=0.076
  [epoch 1] step 230/636 loss=0.049
  [epoch 1] step 240/636 loss=0.028
  [epoch 1] step 250/636 loss=0.046
  [epoch 1] step 260/636 loss=0.056
  [epoch 1] step 270/636 loss=0.005
  [epoch 1] step 280/636 loss=0.014
  [epoch 1] step 290/636 loss=0.049
  [epoch 1] step 300/636 loss=0.053
  [epoch 1] step 310/636 loss=0.032
  [epoch 1] step 320/636 loss=0.056
  [epoch 1] step 330/636 loss=0.094
  [epoch 1] step 340/636 loss=0.098
  [epoch 1] step 350/636 loss=0.040
  [epoch 1] step 360/636 loss=0.103
  [epoch 1] step 370/636 loss=0.005
  [epoch 1] step 380/636 loss=0.052
  [epoch 1] step 390/636 loss=0.029
  [epoch 1] step 400/636 loss=0.025
  [epoch 1] step 410/636 loss=0.018
  [epoch 1] step 420/636 loss=0.027
  [epoch 1] step 430/636 loss=0.031
  [epoch 1] step 440/636 loss=0.083
  [epoch 1] step 450/636 loss=0.016
  [epoch 1] step 460/636 loss=0.047
  [epoch 1] step 470/636 loss=0.022
  [epoch 1] step 480/636 loss=0.012
  [epoch 1] step 490/636 loss=0.111
  [epoch 1] step 500/636 loss=0.005
  [epoch 1] step 510/636 loss=0.046
  [epoch 1] step 520/636 loss=0.011
  [epoch 1] step 530/636 loss=0.025
  [epoch 1] step 540/636 loss=0.005
  [epoch 1] step 550/636 loss=0.043
  [epoch 1] step 560/636 loss=0.024
  [epoch 1] step 570/636 loss=0.066
  [epoch 1] step 580/636 loss=0.044
  [epoch 1] step 590/636 loss=0.008
  [epoch 1] step 600/636 loss=0.015
  [epoch 1] step 610/636 loss=0.013
  [epoch 1] step 620/636 loss=0.055
  [epoch 1] step 630/636 loss=0.044
  [epoch 2] step 10/636 loss=0.018
  [epoch 2] step 20/636 loss=0.028
  [epoch 2] step 30/636 loss=0.071
  [epoch 2] step 40/636 loss=0.025
  [epoch 2] step 50/636 loss=0.022
  [epoch 2] step 60/636 loss=0.011
  [epoch 2] step 70/636 loss=0.072
  [epoch 2] step 80/636 loss=0.009
  [epoch 2] step 90/636 loss=0.097
  [epoch 2] step 100/636 loss=0.045
  [epoch 2] step 110/636 loss=0.058
  [epoch 2] step 120/636 loss=0.039
  [epoch 2] step 130/636 loss=0.250
  [epoch 2] step 140/636 loss=0.172
  [epoch 2] step 150/636 loss=0.025
  [epoch 2] step 160/636 loss=0.040
  [epoch 2] step 170/636 loss=0.040
  [epoch 2] step 180/636 loss=0.054
  [epoch 2] step 190/636 loss=0.021
  [epoch 2] step 200/636 loss=0.026
  [epoch 2] step 210/636 loss=0.075
  [epoch 2] step 220/636 loss=0.229
  [epoch 2] step 230/636 loss=0.006
  [epoch 2] step 240/636 loss=0.015
  [epoch 2] step 250/636 loss=0.082
  [epoch 2] step 260/636 loss=0.033
  [epoch 2] step 270/636 loss=0.033
  [epoch 2] step 280/636 loss=0.038
  [epoch 2] step 290/636 loss=0.077
  [epoch 2] step 300/636 loss=0.036
  [epoch 2] step 310/636 loss=0.014
  [epoch 2] step 320/636 loss=0.036
  [epoch 2] step 330/636 loss=0.064
  [epoch 2] step 340/636 loss=0.004
  [epoch 2] step 350/636 loss=0.025
  [epoch 2] step 360/636 loss=0.035
  [epoch 2] step 370/636 loss=0.028
  [epoch 2] step 380/636 loss=0.057
  [epoch 2] step 390/636 loss=0.027
  [epoch 2] step 400/636 loss=0.021
  [epoch 2] step 410/636 loss=0.045
  [epoch 2] step 420/636 loss=0.018
  [epoch 2] step 430/636 loss=0.013
  [epoch 2] step 440/636 loss=0.019
  [epoch 2] step 450/636 loss=0.047
  [epoch 2] step 460/636 loss=0.008
  [epoch 2] step 470/636 loss=0.061
  [epoch 2] step 480/636 loss=0.017
  [epoch 2] step 490/636 loss=0.007
  [epoch 2] step 500/636 loss=0.020
  [epoch 2] step 510/636 loss=0.008
  [epoch 2] step 520/636 loss=0.023
  [epoch 2] step 530/636 loss=0.039
  [epoch 2] step 540/636 loss=0.085
  [epoch 2] step 550/636 loss=0.004
  [epoch 2] step 560/636 loss=0.004
  [epoch 2] step 570/636 loss=0.036
  [epoch 2] step 580/636 loss=0.002
  [epoch 2] step 590/636 loss=0.032
  [epoch 2] step 600/636 loss=0.025
  [epoch 2] step 610/636 loss=0.017
  [epoch 2] step 620/636 loss=0.030
  [epoch 2] step 630/636 loss=0.037
  [epoch 3] step 10/636 loss=0.025
  [epoch 3] step 20/636 loss=0.055
  [epoch 3] step 30/636 loss=0.043
  [epoch 3] step 40/636 loss=0.033
  [epoch 3] step 50/636 loss=0.015
  [epoch 3] step 60/636 loss=0.010
  [epoch 3] step 70/636 loss=0.019
  [epoch 3] step 80/636 loss=0.013
  [epoch 3] step 90/636 loss=0.010
  [epoch 3] step 100/636 loss=0.015
  [epoch 3] step 110/636 loss=0.030
  [epoch 3] step 120/636 loss=0.052
  [epoch 3] step 130/636 loss=0.033
  [epoch 3] step 140/636 loss=0.074
  [epoch 3] step 150/636 loss=0.004
  [epoch 3] step 160/636 loss=0.020
  [epoch 3] step 170/636 loss=0.129
  [epoch 3] step 180/636 loss=0.033
  [epoch 3] step 190/636 loss=0.054
  [epoch 3] step 200/636 loss=0.036
  [epoch 3] step 210/636 loss=0.101
  [epoch 3] step 220/636 loss=0.037
  [epoch 3] step 230/636 loss=0.041
  [epoch 3] step 240/636 loss=0.021
  [epoch 3] step 250/636 loss=0.020
  [epoch 3] step 260/636 loss=0.009
  [epoch 3] step 270/636 loss=0.026
  [epoch 3] step 280/636 loss=0.043
  [epoch 3] step 290/636 loss=0.024
  [epoch 3] step 300/636 loss=0.008
  [epoch 3] step 310/636 loss=0.019
  [epoch 3] step 320/636 loss=0.011
  [epoch 3] step 330/636 loss=0.102
  [epoch 3] step 340/636 loss=0.057
  [epoch 3] step 350/636 loss=0.035
  [epoch 3] step 360/636 loss=0.012
  [epoch 3] step 370/636 loss=0.079
  [epoch 3] step 380/636 loss=0.020
  [epoch 3] step 390/636 loss=0.024
  [epoch 3] step 400/636 loss=0.016
  [epoch 3] step 410/636 loss=0.012
  [epoch 3] step 420/636 loss=0.005
  [epoch 3] step 430/636 loss=0.107
  [epoch 3] step 440/636 loss=0.014
  [epoch 3] step 450/636 loss=0.106
  [epoch 3] step 460/636 loss=0.077
  [epoch 3] step 470/636 loss=0.019
  [epoch 3] step 480/636 loss=0.012
  [epoch 3] step 490/636 loss=0.114
  [epoch 3] step 500/636 loss=0.019
  [epoch 3] step 510/636 loss=0.011
  [epoch 3] step 520/636 loss=0.030
  [epoch 3] step 530/636 loss=0.007
  [epoch 3] step 540/636 loss=0.014
  [epoch 3] step 550/636 loss=0.006
  [epoch 3] step 560/636 loss=0.027
  [epoch 3] step 570/636 loss=0.007
  [epoch 3] step 580/636 loss=0.037
  [epoch 3] step 590/636 loss=0.007
  [epoch 3] step 600/636 loss=0.023
  [epoch 3] step 610/636 loss=0.009
  [epoch 3] step 620/636 loss=0.042
  [epoch 3] step 630/636 loss=0.036
  run 3/5 完成
  [epoch 1] step 10/636 loss=0.184
  [epoch 1] step 20/636 loss=0.112
  [epoch 1] step 30/636 loss=0.040
  [epoch 1] step 40/636 loss=0.009
  [epoch 1] step 50/636 loss=0.014
  [epoch 1] step 60/636 loss=0.025
  [epoch 1] step 70/636 loss=0.035
  [epoch 1] step 80/636 loss=0.054
  [epoch 1] step 90/636 loss=0.031
  [epoch 1] step 100/636 loss=0.005
  [epoch 1] step 110/636 loss=0.046
  [epoch 1] step 120/636 loss=0.053
  [epoch 1] step 130/636 loss=0.027
  [epoch 1] step 140/636 loss=0.102
  [epoch 1] step 150/636 loss=0.038
  [epoch 1] step 160/636 loss=0.034
  [epoch 1] step 170/636 loss=0.093
  [epoch 1] step 180/636 loss=0.027
  [epoch 1] step 190/636 loss=0.072
  [epoch 1] step 200/636 loss=0.091
  [epoch 1] step 210/636 loss=0.026
  [epoch 1] step 220/636 loss=0.031
  [epoch 1] step 230/636 loss=0.028
  [epoch 1] step 240/636 loss=0.002
  [epoch 1] step 250/636 loss=0.082
  [epoch 1] step 260/636 loss=0.187
  [epoch 1] step 270/636 loss=0.138
  [epoch 1] step 280/636 loss=0.061
  [epoch 1] step 290/636 loss=0.001
  [epoch 1] step 300/636 loss=0.042
  [epoch 1] step 310/636 loss=0.032
  [epoch 1] step 320/636 loss=0.004
  [epoch 1] step 330/636 loss=0.007
  [epoch 1] step 340/636 loss=0.014
  [epoch 1] step 350/636 loss=0.026
  [epoch 1] step 360/636 loss=0.019
  [epoch 1] step 370/636 loss=0.028
  [epoch 1] step 380/636 loss=0.026
  [epoch 1] step 390/636 loss=0.018
  [epoch 1] step 400/636 loss=0.133
  [epoch 1] step 410/636 loss=0.036
  [epoch 1] step 420/636 loss=0.078
  [epoch 1] step 430/636 loss=0.026
  [epoch 1] step 440/636 loss=0.106
  [epoch 1] step 450/636 loss=0.053
  [epoch 1] step 460/636 loss=0.018
  [epoch 1] step 470/636 loss=0.067
  [epoch 1] step 480/636 loss=0.071
  [epoch 1] step 490/636 loss=0.038
  [epoch 1] step 500/636 loss=0.068
  [epoch 1] step 510/636 loss=0.015
  [epoch 1] step 520/636 loss=0.029
  [epoch 1] step 530/636 loss=0.029
  [epoch 1] step 540/636 loss=0.043
  [epoch 1] step 550/636 loss=0.020
  [epoch 1] step 560/636 loss=0.080
  [epoch 1] step 570/636 loss=0.061
  [epoch 1] step 580/636 loss=0.035
  [epoch 1] step 590/636 loss=0.036
  [epoch 1] step 600/636 loss=0.010
  [epoch 1] step 610/636 loss=0.068
  [epoch 1] step 620/636 loss=0.009
  [epoch 1] step 630/636 loss=0.019
  [epoch 2] step 10/636 loss=0.028
  [epoch 2] step 20/636 loss=0.049
  [epoch 2] step 30/636 loss=0.016
  [epoch 2] step 40/636 loss=0.030
  [epoch 2] step 50/636 loss=0.016
  [epoch 2] step 60/636 loss=0.035
  [epoch 2] step 70/636 loss=0.011
  [epoch 2] step 80/636 loss=0.030
  [epoch 2] step 90/636 loss=0.147
  [epoch 2] step 100/636 loss=0.010
  [epoch 2] step 110/636 loss=0.038
  [epoch 2] step 120/636 loss=0.093
  [epoch 2] step 130/636 loss=0.043
  [epoch 2] step 140/636 loss=0.050
  [epoch 2] step 150/636 loss=0.001
  [epoch 2] step 160/636 loss=0.019
  [epoch 2] step 170/636 loss=0.019
  [epoch 2] step 180/636 loss=0.013
  [epoch 2] step 190/636 loss=0.014
  [epoch 2] step 200/636 loss=0.026
  [epoch 2] step 210/636 loss=0.027
  [epoch 2] step 220/636 loss=0.007
  [epoch 2] step 230/636 loss=0.018
  [epoch 2] step 240/636 loss=0.047
  [epoch 2] step 250/636 loss=0.015
  [epoch 2] step 260/636 loss=0.057
  [epoch 2] step 270/636 loss=0.002
  [epoch 2] step 280/636 loss=0.074
  [epoch 2] step 290/636 loss=0.004
  [epoch 2] step 300/636 loss=0.013
  [epoch 2] step 310/636 loss=0.029
  [epoch 2] step 320/636 loss=0.008
  [epoch 2] step 330/636 loss=0.020
  [epoch 2] step 340/636 loss=0.018
  [epoch 2] step 350/636 loss=0.021
  [epoch 2] step 360/636 loss=0.007
  [epoch 2] step 370/636 loss=0.022
  [epoch 2] step 380/636 loss=0.061
  [epoch 2] step 390/636 loss=0.007
  [epoch 2] step 400/636 loss=0.129
  [epoch 2] step 410/636 loss=0.030
  [epoch 2] step 420/636 loss=0.042
  [epoch 2] step 430/636 loss=0.032
  [epoch 2] step 440/636 loss=0.041
  [epoch 2] step 450/636 loss=0.029
  [epoch 2] step 460/636 loss=0.036
  [epoch 2] step 470/636 loss=0.062
  [epoch 2] step 480/636 loss=0.017
  [epoch 2] step 490/636 loss=0.051
  [epoch 2] step 500/636 loss=0.010
  [epoch 2] step 510/636 loss=0.021
  [epoch 2] step 520/636 loss=0.032
  [epoch 2] step 530/636 loss=0.028
  [epoch 2] step 540/636 loss=0.042
  [epoch 2] step 550/636 loss=0.041
  [epoch 2] step 560/636 loss=0.056
  [epoch 2] step 570/636 loss=0.019
  [epoch 2] step 580/636 loss=0.095
  [epoch 2] step 590/636 loss=0.029
  [epoch 2] step 600/636 loss=0.061
  [epoch 2] step 610/636 loss=0.045
  [epoch 2] step 620/636 loss=0.014
  [epoch 2] step 630/636 loss=0.030
  [epoch 3] step 10/636 loss=0.022
  [epoch 3] step 20/636 loss=0.041
  [epoch 3] step 30/636 loss=0.039
  [epoch 3] step 40/636 loss=0.062
  [epoch 3] step 50/636 loss=0.027
  [epoch 3] step 60/636 loss=0.004
  [epoch 3] step 70/636 loss=0.003
  [epoch 3] step 80/636 loss=0.023
  [epoch 3] step 90/636 loss=0.001
  [epoch 3] step 100/636 loss=0.002
  [epoch 3] step 110/636 loss=0.047
  [epoch 3] step 120/636 loss=0.007
  [epoch 3] step 130/636 loss=0.016
  [epoch 3] step 140/636 loss=0.014
  [epoch 3] step 150/636 loss=0.020
  [epoch 3] step 160/636 loss=0.025
  [epoch 3] step 170/636 loss=0.082
  [epoch 3] step 180/636 loss=0.005
  [epoch 3] step 190/636 loss=0.029
  [epoch 3] step 200/636 loss=0.023
  [epoch 3] step 210/636 loss=0.020
  [epoch 3] step 220/636 loss=0.009
  [epoch 3] step 230/636 loss=0.022
  [epoch 3] step 240/636 loss=0.015
  [epoch 3] step 250/636 loss=0.001
  [epoch 3] step 260/636 loss=0.097
  [epoch 3] step 270/636 loss=0.033
  [epoch 3] step 280/636 loss=0.016
  [epoch 3] step 290/636 loss=0.018
  [epoch 3] step 300/636 loss=0.005
  [epoch 3] step 310/636 loss=0.002
  [epoch 3] step 320/636 loss=0.061
  [epoch 3] step 330/636 loss=0.018
  [epoch 3] step 340/636 loss=0.001
  [epoch 3] step 350/636 loss=0.011
  [epoch 3] step 360/636 loss=0.016
  [epoch 3] step 370/636 loss=0.020
  [epoch 3] step 380/636 loss=0.007
  [epoch 3] step 390/636 loss=0.013
  [epoch 3] step 400/636 loss=0.029
  [epoch 3] step 410/636 loss=0.018
  [epoch 3] step 420/636 loss=0.020
  [epoch 3] step 430/636 loss=0.018
  [epoch 3] step 440/636 loss=0.031
  [epoch 3] step 450/636 loss=0.033
  [epoch 3] step 460/636 loss=0.056
  [epoch 3] step 470/636 loss=0.038
  [epoch 3] step 480/636 loss=0.005
  [epoch 3] step 490/636 loss=0.071
  [epoch 3] step 500/636 loss=0.041
  [epoch 3] step 510/636 loss=0.009
  [epoch 3] step 520/636 loss=0.010
  [epoch 3] step 530/636 loss=0.004
  [epoch 3] step 540/636 loss=0.072
  [epoch 3] step 550/636 loss=0.051
  [epoch 3] step 560/636 loss=0.008
  [epoch 3] step 570/636 loss=0.019
  [epoch 3] step 580/636 loss=0.005
  [epoch 3] step 590/636 loss=0.041
  [epoch 3] step 600/636 loss=0.038
  [epoch 3] step 610/636 loss=0.043
  [epoch 3] step 620/636 loss=0.044
  [epoch 3] step 630/636 loss=0.020
  run 4/5 完成
  [epoch 1] step 10/636 loss=0.012
  [epoch 1] step 20/636 loss=0.033
  [epoch 1] step 30/636 loss=0.117
  [epoch 1] step 40/636 loss=0.074
  [epoch 1] step 50/636 loss=0.026
  [epoch 1] step 60/636 loss=0.167
  [epoch 1] step 70/636 loss=0.069
  [epoch 1] step 80/636 loss=0.030
  [epoch 1] step 90/636 loss=0.091
  [epoch 1] step 100/636 loss=0.009
  [epoch 1] step 110/636 loss=0.068
  [epoch 1] step 120/636 loss=0.025
  [epoch 1] step 130/636 loss=0.015
  [epoch 1] step 140/636 loss=0.011
  [epoch 1] step 150/636 loss=0.005
  [epoch 1] step 160/636 loss=0.011
  [epoch 1] step 170/636 loss=0.009
  [epoch 1] step 180/636 loss=0.044
  [epoch 1] step 190/636 loss=0.069
  [epoch 1] step 200/636 loss=0.036
  [epoch 1] step 210/636 loss=0.126
  [epoch 1] step 220/636 loss=0.015
  [epoch 1] step 230/636 loss=0.013
  [epoch 1] step 240/636 loss=0.049
  [epoch 1] step 250/636 loss=0.008
  [epoch 1] step 260/636 loss=0.023
  [epoch 1] step 270/636 loss=0.008
  [epoch 1] step 280/636 loss=0.097
  [epoch 1] step 290/636 loss=0.029
  [epoch 1] step 300/636 loss=0.046
  [epoch 1] step 310/636 loss=0.022
  [epoch 1] step 320/636 loss=0.022
  [epoch 1] step 330/636 loss=0.026
  [epoch 1] step 340/636 loss=0.037
  [epoch 1] step 350/636 loss=0.079
  [epoch 1] step 360/636 loss=0.020
  [epoch 1] step 370/636 loss=0.000
  [epoch 1] step 380/636 loss=0.040
  [epoch 1] step 390/636 loss=0.090
  [epoch 1] step 400/636 loss=0.096
  [epoch 1] step 410/636 loss=0.069
  [epoch 1] step 420/636 loss=0.033
  [epoch 1] step 430/636 loss=0.009
  [epoch 1] step 440/636 loss=0.003
  [epoch 1] step 450/636 loss=0.022
  [epoch 1] step 460/636 loss=0.044
  [epoch 1] step 470/636 loss=0.039
  [epoch 1] step 480/636 loss=0.116
  [epoch 1] step 490/636 loss=0.005
  [epoch 1] step 500/636 loss=0.059
  [epoch 1] step 510/636 loss=0.010
  [epoch 1] step 520/636 loss=0.043
  [epoch 1] step 530/636 loss=0.070
  [epoch 1] step 540/636 loss=0.020
  [epoch 1] step 550/636 loss=0.020
  [epoch 1] step 560/636 loss=0.089
  [epoch 1] step 570/636 loss=0.018
  [epoch 1] step 580/636 loss=0.059
  [epoch 1] step 590/636 loss=0.047
  [epoch 1] step 600/636 loss=0.003
  [epoch 1] step 610/636 loss=0.017
  [epoch 1] step 620/636 loss=0.040
  [epoch 1] step 630/636 loss=0.036
  [epoch 2] step 10/636 loss=0.043
  [epoch 2] step 20/636 loss=0.007
  [epoch 2] step 30/636 loss=0.034
  [epoch 2] step 40/636 loss=0.011
  [epoch 2] step 50/636 loss=0.024
  [epoch 2] step 60/636 loss=0.010
  [epoch 2] step 70/636 loss=0.025
  [epoch 2] step 80/636 loss=0.021
  [epoch 2] step 90/636 loss=0.010
  [epoch 2] step 100/636 loss=0.010
  [epoch 2] step 110/636 loss=0.047
  [epoch 2] step 120/636 loss=0.040
  [epoch 2] step 130/636 loss=0.003
  [epoch 2] step 140/636 loss=0.073
  [epoch 2] step 150/636 loss=0.026
  [epoch 2] step 160/636 loss=0.038
  [epoch 2] step 170/636 loss=0.082
  [epoch 2] step 180/636 loss=0.071
  [epoch 2] step 190/636 loss=0.014
  [epoch 2] step 200/636 loss=0.061
  [epoch 2] step 210/636 loss=0.060
  [epoch 2] step 220/636 loss=0.052
  [epoch 2] step 230/636 loss=0.010
  [epoch 2] step 240/636 loss=0.097
  [epoch 2] step 250/636 loss=0.013
  [epoch 2] step 260/636 loss=0.012
  [epoch 2] step 270/636 loss=0.043
  [epoch 2] step 280/636 loss=0.059
  [epoch 2] step 290/636 loss=0.012
  [epoch 2] step 300/636 loss=0.033
  [epoch 2] step 310/636 loss=0.033
  [epoch 2] step 320/636 loss=0.015
  [epoch 2] step 330/636 loss=0.024
  [epoch 2] step 340/636 loss=0.028
  [epoch 2] step 350/636 loss=0.010
  [epoch 2] step 360/636 loss=0.024
  [epoch 2] step 370/636 loss=0.045
  [epoch 2] step 380/636 loss=0.016
  [epoch 2] step 390/636 loss=0.067
  [epoch 2] step 400/636 loss=0.001
  [epoch 2] step 410/636 loss=0.009
  [epoch 2] step 420/636 loss=0.023
  [epoch 2] step 430/636 loss=0.060
  [epoch 2] step 440/636 loss=0.025
  [epoch 2] step 450/636 loss=0.037
  [epoch 2] step 460/636 loss=0.006
  [epoch 2] step 470/636 loss=0.054
  [epoch 2] step 480/636 loss=0.013
  [epoch 2] step 490/636 loss=0.020
  [epoch 2] step 500/636 loss=0.097
  [epoch 2] step 510/636 loss=0.037
  [epoch 2] step 520/636 loss=0.013
  [epoch 2] step 530/636 loss=0.024
  [epoch 2] step 540/636 loss=0.048
  [epoch 2] step 550/636 loss=0.087
  [epoch 2] step 560/636 loss=0.068
  [epoch 2] step 570/636 loss=0.038
  [epoch 2] step 580/636 loss=0.025
  [epoch 2] step 590/636 loss=0.006
  [epoch 2] step 600/636 loss=0.042
  [epoch 2] step 610/636 loss=0.013
  [epoch 2] step 620/636 loss=0.008
  [epoch 2] step 630/636 loss=0.094
  [epoch 3] step 10/636 loss=0.064
  [epoch 3] step 20/636 loss=0.045
  [epoch 3] step 30/636 loss=0.017
  [epoch 3] step 40/636 loss=0.020
  [epoch 3] step 50/636 loss=0.027
  [epoch 3] step 60/636 loss=0.083
  [epoch 3] step 70/636 loss=0.027
  [epoch 3] step 80/636 loss=0.014
  [epoch 3] step 90/636 loss=0.068
  [epoch 3] step 100/636 loss=0.018
  [epoch 3] step 110/636 loss=0.047
  [epoch 3] step 120/636 loss=0.009
  [epoch 3] step 130/636 loss=0.049
  [epoch 3] step 140/636 loss=0.015
  [epoch 3] step 150/636 loss=0.018
  [epoch 3] step 160/636 loss=0.029
  [epoch 3] step 170/636 loss=0.008
  [epoch 3] step 180/636 loss=0.031
  [epoch 3] step 190/636 loss=0.032
  [epoch 3] step 200/636 loss=0.044
  [epoch 3] step 210/636 loss=0.052
  [epoch 3] step 220/636 loss=0.058
  [epoch 3] step 230/636 loss=0.015
  [epoch 3] step 240/636 loss=0.013
  [epoch 3] step 250/636 loss=0.104
  [epoch 3] step 260/636 loss=0.011
  [epoch 3] step 270/636 loss=0.025
  [epoch 3] step 280/636 loss=0.027
  [epoch 3] step 290/636 loss=0.033
  [epoch 3] step 300/636 loss=0.059
  [epoch 3] step 310/636 loss=0.102
  [epoch 3] step 320/636 loss=0.005
  [epoch 3] step 330/636 loss=0.008
  [epoch 3] step 340/636 loss=0.063
  [epoch 3] step 350/636 loss=0.046
  [epoch 3] step 360/636 loss=0.052
  [epoch 3] step 370/636 loss=0.015
  [epoch 3] step 380/636 loss=0.036
  [epoch 3] step 390/636 loss=0.015
  [epoch 3] step 400/636 loss=0.036
  [epoch 3] step 410/636 loss=0.041
  [epoch 3] step 420/636 loss=0.042
  [epoch 3] step 430/636 loss=0.019
  [epoch 3] step 440/636 loss=0.033
  [epoch 3] step 450/636 loss=0.017
  [epoch 3] step 460/636 loss=0.016
  [epoch 3] step 470/636 loss=0.111
  [epoch 3] step 480/636 loss=0.002
  [epoch 3] step 490/636 loss=0.007
  [epoch 3] step 500/636 loss=0.004
  [epoch 3] step 510/636 loss=0.042
  [epoch 3] step 520/636 loss=0.013
  [epoch 3] step 530/636 loss=0.037
  [epoch 3] step 540/636 loss=0.012
  [epoch 3] step 550/636 loss=0.038
  [epoch 3] step 560/636 loss=0.040
  [epoch 3] step 570/636 loss=0.019
  [epoch 3] step 580/636 loss=0.036
  [epoch 3] step 590/636 loss=0.020
  [epoch 3] step 600/636 loss=0.057
  [epoch 3] step 610/636 loss=0.011
  [epoch 3] step 620/636 loss=0.014
  [epoch 3] step 630/636 loss=0.055
  run 5/5 完成
  伪标签修正后: mean=3.000 std=0.491 min=1.490 max=5.000
本轮新增伪标签 868 个，累积 868 个
===== 轮次 1 | B.2 验证/微调 =====
  [epoch 1] step 10/1126 loss=0.144
  [epoch 1] step 20/1126 loss=0.040
  [epoch 1] step 30/1126 loss=0.006
  [epoch 1] step 40/1126 loss=0.113
  [epoch 1] step 50/1126 loss=0.032
  [epoch 1] step 60/1126 loss=0.122
  [epoch 1] step 70/1126 loss=0.020
  [epoch 1] step 80/1126 loss=0.016
  [epoch 1] step 90/1126 loss=0.051
  [epoch 1] step 100/1126 loss=0.004
  [epoch 1] step 110/1126 loss=0.050
  [epoch 1] step 120/1126 loss=0.010
  [epoch 1] step 130/1126 loss=0.097
  [epoch 1] step 140/1126 loss=0.068
  [epoch 1] step 150/1126 loss=0.025
  [epoch 1] step 160/1126 loss=0.059
  [epoch 1] step 170/1126 loss=0.026
  [epoch 1] step 180/1126 loss=0.051
  [epoch 1] step 190/1126 loss=0.010
  [epoch 1] step 200/1126 loss=0.056
  [epoch 1] step 210/1126 loss=0.052
  [epoch 1] step 220/1126 loss=0.054
  [epoch 1] step 230/1126 loss=0.025
  [epoch 1] step 240/1126 loss=0.016
  [epoch 1] step 250/1126 loss=0.008
  [epoch 1] step 260/1126 loss=0.032
  [epoch 1] step 270/1126 loss=0.119
  [epoch 1] step 280/1126 loss=0.031
  [epoch 1] step 290/1126 loss=0.009
  [epoch 1] step 300/1126 loss=0.009
  [epoch 1] step 310/1126 loss=0.004
  [epoch 1] step 320/1126 loss=0.018
  [epoch 1] step 330/1126 loss=0.018
  [epoch 1] step 340/1126 loss=0.050
  [epoch 1] step 350/1126 loss=0.039
  [epoch 1] step 360/1126 loss=0.031
  [epoch 1] step 370/1126 loss=0.018
  [epoch 1] step 380/1126 loss=0.017
  [epoch 1] step 390/1126 loss=0.017
  [epoch 1] step 400/1126 loss=0.030
  [epoch 1] step 410/1126 loss=0.030
  [epoch 1] step 420/1126 loss=0.052
  [epoch 1] step 430/1126 loss=0.009
  [epoch 1] step 440/1126 loss=0.028
  [epoch 1] step 450/1126 loss=0.003
  [epoch 1] step 460/1126 loss=0.020
  [epoch 1] step 470/1126 loss=0.017
  [epoch 1] step 480/1126 loss=0.005
  [epoch 1] step 490/1126 loss=0.099
  [epoch 1] step 500/1126 loss=0.018
  [epoch 1] step 510/1126 loss=0.041
  [epoch 1] step 520/1126 loss=0.018
  [epoch 1] step 530/1126 loss=0.095
  [epoch 1] step 540/1126 loss=0.029
  [epoch 1] step 550/1126 loss=0.013
  [epoch 1] step 560/1126 loss=0.023
  [epoch 1] step 570/1126 loss=0.014
  [epoch 1] step 580/1126 loss=0.042
  [epoch 1] step 590/1126 loss=0.068
  [epoch 1] step 600/1126 loss=0.035
  [epoch 1] step 610/1126 loss=0.018
  [epoch 1] step 620/1126 loss=0.018
  [epoch 1] step 630/1126 loss=0.137
  [epoch 1] step 640/1126 loss=0.021
  [epoch 1] step 650/1126 loss=0.024
  [epoch 1] step 660/1126 loss=0.034
  [epoch 1] step 670/1126 loss=0.039
  [epoch 1] step 680/1126 loss=0.011
  [epoch 1] step 690/1126 loss=0.048
  [epoch 1] step 700/1126 loss=0.031
  [epoch 1] step 710/1126 loss=0.014
  [epoch 1] step 720/1126 loss=0.042
  [epoch 1] step 730/1126 loss=0.004
  [epoch 1] step 740/1126 loss=0.016
  [epoch 1] step 750/1126 loss=0.090
  [epoch 1] step 760/1126 loss=0.026
  [epoch 1] step 770/1126 loss=0.012
  [epoch 1] step 780/1126 loss=0.030
  [epoch 1] step 790/1126 loss=0.004
  [epoch 1] step 800/1126 loss=0.035
  [epoch 1] step 810/1126 loss=0.005
  [epoch 1] step 820/1126 loss=0.079
  [epoch 1] step 830/1126 loss=0.025
  [epoch 1] step 840/1126 loss=0.088
  [epoch 1] step 850/1126 loss=0.010
  [epoch 1] step 860/1126 loss=0.011
  [epoch 1] step 870/1126 loss=0.005
  [epoch 1] step 880/1126 loss=0.052
  [epoch 1] step 890/1126 loss=0.032
  [epoch 1] step 900/1126 loss=0.026
  [epoch 1] step 910/1126 loss=0.036
  [epoch 1] step 920/1126 loss=0.006
  [epoch 1] step 930/1126 loss=0.010
  [epoch 1] step 940/1126 loss=0.018
  [epoch 1] step 950/1126 loss=0.012
  [epoch 1] step 960/1126 loss=0.032
  [epoch 1] step 970/1126 loss=0.009
  [epoch 1] step 980/1126 loss=0.011
  [epoch 1] step 990/1126 loss=0.019
  [epoch 1] step 1000/1126 loss=0.048
  [epoch 1] step 1010/1126 loss=0.005
  [epoch 1] step 1020/1126 loss=0.016
  [epoch 1] step 1030/1126 loss=0.013
  [epoch 1] step 1040/1126 loss=0.014
  [epoch 1] step 1050/1126 loss=0.022
  [epoch 1] step 1060/1126 loss=0.061
  [epoch 1] step 1070/1126 loss=0.035
  [epoch 1] step 1080/1126 loss=0.021
  [epoch 1] step 1090/1126 loss=0.019
  [epoch 1] step 1100/1126 loss=0.022
  [epoch 1] step 1110/1126 loss=0.016
  [epoch 1] step 1120/1126 loss=0.010
  [epoch 2] step 10/1126 loss=0.287
  [epoch 2] step 20/1126 loss=0.052
  [epoch 2] step 30/1126 loss=0.070
  [epoch 2] step 40/1126 loss=0.218
  [epoch 2] step 50/1126 loss=0.003
  [epoch 2] step 60/1126 loss=0.060
  [epoch 2] step 70/1126 loss=0.036
  [epoch 2] step 80/1126 loss=0.098
  [epoch 2] step 90/1126 loss=0.022
  [epoch 2] step 100/1126 loss=0.015
  [epoch 2] step 110/1126 loss=0.031
  [epoch 2] step 120/1126 loss=0.020
  [epoch 2] step 130/1126 loss=0.061
  [epoch 2] step 140/1126 loss=0.043
  [epoch 2] step 150/1126 loss=0.147
  [epoch 2] step 160/1126 loss=0.010
  [epoch 2] step 170/1126 loss=0.014
  [epoch 2] step 180/1126 loss=0.010
  [epoch 2] step 190/1126 loss=0.012
  [epoch 2] step 200/1126 loss=0.032
  [epoch 2] step 210/1126 loss=0.101
  [epoch 2] step 220/1126 loss=0.009
  [epoch 2] step 230/1126 loss=0.049
  [epoch 2] step 240/1126 loss=0.065
  [epoch 2] step 250/1126 loss=0.036
  [epoch 2] step 260/1126 loss=0.062
  [epoch 2] step 270/1126 loss=0.009
  [epoch 2] step 280/1126 loss=0.023
  [epoch 2] step 290/1126 loss=0.157
  [epoch 2] step 300/1126 loss=0.013
  [epoch 2] step 310/1126 loss=0.019
  [epoch 2] step 320/1126 loss=0.031
  [epoch 2] step 330/1126 loss=0.017
  [epoch 2] step 340/1126 loss=0.022
  [epoch 2] step 350/1126 loss=0.003
  [epoch 2] step 360/1126 loss=0.072
  [epoch 2] step 370/1126 loss=0.018
  [epoch 2] step 380/1126 loss=0.011
  [epoch 2] step 390/1126 loss=0.037
  [epoch 2] step 400/1126 loss=0.040
  [epoch 2] step 410/1126 loss=0.018
  [epoch 2] step 420/1126 loss=0.137
  [epoch 2] step 430/1126 loss=0.028
  [epoch 2] step 440/1126 loss=0.072
  [epoch 2] step 450/1126 loss=0.064
  [epoch 2] step 460/1126 loss=0.001
  [epoch 2] step 470/1126 loss=0.057
  [epoch 2] step 480/1126 loss=0.081
  [epoch 2] step 490/1126 loss=0.002
  [epoch 2] step 500/1126 loss=0.008
  [epoch 2] step 510/1126 loss=0.006
  [epoch 2] step 520/1126 loss=0.061
  [epoch 2] step 530/1126 loss=0.004
  [epoch 2] step 540/1126 loss=0.013
  [epoch 2] step 550/1126 loss=0.037
  [epoch 2] step 560/1126 loss=0.056
  [epoch 2] step 570/1126 loss=0.023
  [epoch 2] step 580/1126 loss=0.002
  [epoch 2] step 590/1126 loss=0.011
  [epoch 2] step 600/1126 loss=0.019
  [epoch 2] step 610/1126 loss=0.018
  [epoch 2] step 620/1126 loss=0.003
  [epoch 2] step 630/1126 loss=0.025
  [epoch 2] step 640/1126 loss=0.013
  [epoch 2] step 650/1126 loss=0.015
  [epoch 2] step 660/1126 loss=0.042
  [epoch 2] step 670/1126 loss=0.013
  [epoch 2] step 680/1126 loss=0.028
  [epoch 2] step 690/1126 loss=0.030
  [epoch 2] step 700/1126 loss=0.021
  [epoch 2] step 710/1126 loss=0.035
  [epoch 2] step 720/1126 loss=0.042
  [epoch 2] step 730/1126 loss=0.028
  [epoch 2] step 740/1126 loss=0.021
  [epoch 2] step 750/1126 loss=0.008
  [epoch 2] step 760/1126 loss=0.045
  [epoch 2] step 770/1126 loss=0.007
  [epoch 2] step 780/1126 loss=0.025
  [epoch 2] step 790/1126 loss=0.009
  [epoch 2] step 800/1126 loss=0.013
  [epoch 2] step 810/1126 loss=0.122
  [epoch 2] step 820/1126 loss=0.025
  [epoch 2] step 830/1126 loss=0.010
  [epoch 2] step 840/1126 loss=0.026
  [epoch 2] step 850/1126 loss=0.151
  [epoch 2] step 860/1126 loss=0.025
  [epoch 2] step 870/1126 loss=0.011
  [epoch 2] step 880/1126 loss=0.054
  [epoch 2] step 890/1126 loss=0.093
  [epoch 2] step 900/1126 loss=0.017
  [epoch 2] step 910/1126 loss=0.007
  [epoch 2] step 920/1126 loss=0.010
  [epoch 2] step 930/1126 loss=0.014
  [epoch 2] step 940/1126 loss=0.022
  [epoch 2] step 950/1126 loss=0.004
  [epoch 2] step 960/1126 loss=0.076
  [epoch 2] step 970/1126 loss=0.045
  [epoch 2] step 980/1126 loss=0.024
  [epoch 2] step 990/1126 loss=0.035
  [epoch 2] step 1000/1126 loss=0.025
  [epoch 2] step 1010/1126 loss=0.074
  [epoch 2] step 1020/1126 loss=0.010
  [epoch 2] step 1030/1126 loss=0.050
  [epoch 2] step 1040/1126 loss=0.018
  [epoch 2] step 1050/1126 loss=0.013
  [epoch 2] step 1060/1126 loss=0.026
  [epoch 2] step 1070/1126 loss=0.092
  [epoch 2] step 1080/1126 loss=0.094
  [epoch 2] step 1090/1126 loss=0.004
  [epoch 2] step 1100/1126 loss=0.010
  [epoch 2] step 1110/1126 loss=0.006
  [epoch 2] step 1120/1126 loss=0.067
  [epoch 3] step 10/1126 loss=0.086
  [epoch 3] step 20/1126 loss=0.013
  [epoch 3] step 30/1126 loss=0.011
  [epoch 3] step 40/1126 loss=0.028
  [epoch 3] step 50/1126 loss=0.012
  [epoch 3] step 60/1126 loss=0.054
  [epoch 3] step 70/1126 loss=0.034
  [epoch 3] step 80/1126 loss=0.007
  [epoch 3] step 90/1126 loss=0.073
  [epoch 3] step 100/1126 loss=0.129
  [epoch 3] step 110/1126 loss=0.021
  [epoch 3] step 120/1126 loss=0.053
  [epoch 3] step 130/1126 loss=0.011
  [epoch 3] step 140/1126 loss=0.005
  [epoch 3] step 150/1126 loss=0.063
  [epoch 3] step 160/1126 loss=0.003
  [epoch 3] step 170/1126 loss=0.070
  [epoch 3] step 180/1126 loss=0.017
  [epoch 3] step 190/1126 loss=0.011
  [epoch 3] step 200/1126 loss=0.032
  [epoch 3] step 210/1126 loss=0.010
  [epoch 3] step 220/1126 loss=0.034
  [epoch 3] step 230/1126 loss=0.006
  [epoch 3] step 240/1126 loss=0.071
  [epoch 3] step 250/1126 loss=0.008
  [epoch 3] step 260/1126 loss=0.033
  [epoch 3] step 270/1126 loss=0.024
  [epoch 3] step 280/1126 loss=0.093
  [epoch 3] step 290/1126 loss=0.012
  [epoch 3] step 300/1126 loss=0.042
  [epoch 3] step 310/1126 loss=0.021
  [epoch 3] step 320/1126 loss=0.011
  [epoch 3] step 330/1126 loss=0.013
  [epoch 3] step 340/1126 loss=0.015
  [epoch 3] step 350/1126 loss=0.028
  [epoch 3] step 360/1126 loss=0.025
  [epoch 3] step 370/1126 loss=0.034
  [epoch 3] step 380/1126 loss=0.062
  [epoch 3] step 390/1126 loss=0.044
  [epoch 3] step 400/1126 loss=0.079
  [epoch 3] step 410/1126 loss=0.001
  [epoch 3] step 420/1126 loss=0.019
  [epoch 3] step 430/1126 loss=0.043
  [epoch 3] step 440/1126 loss=0.022
  [epoch 3] step 450/1126 loss=0.017
  [epoch 3] step 460/1126 loss=0.035
  [epoch 3] step 470/1126 loss=0.016
  [epoch 3] step 480/1126 loss=0.026
  [epoch 3] step 490/1126 loss=0.001
  [epoch 3] step 500/1126 loss=0.006
  [epoch 3] step 510/1126 loss=0.007
  [epoch 3] step 520/1126 loss=0.015
  [epoch 3] step 530/1126 loss=0.007
  [epoch 3] step 540/1126 loss=0.010
  [epoch 3] step 550/1126 loss=0.037
  [epoch 3] step 560/1126 loss=0.057
  [epoch 3] step 570/1126 loss=0.009
  [epoch 3] step 580/1126 loss=0.013
  [epoch 3] step 590/1126 loss=0.018
  [epoch 3] step 600/1126 loss=0.055
  [epoch 3] step 610/1126 loss=0.011
  [epoch 3] step 620/1126 loss=0.045
  [epoch 3] step 630/1126 loss=0.036
  [epoch 3] step 640/1126 loss=0.009
  [epoch 3] step 650/1126 loss=0.014
  [epoch 3] step 660/1126 loss=0.016
  [epoch 3] step 670/1126 loss=0.037
  [epoch 3] step 680/1126 loss=0.009
  [epoch 3] step 690/1126 loss=0.020
  [epoch 3] step 700/1126 loss=0.020
  [epoch 3] step 710/1126 loss=0.020
  [epoch 3] step 720/1126 loss=0.030
  [epoch 3] step 730/1126 loss=0.010
  [epoch 3] step 740/1126 loss=0.035
  [epoch 3] step 750/1126 loss=0.016
  [epoch 3] step 760/1126 loss=0.037
  [epoch 3] step 770/1126 loss=0.043
  [epoch 3] step 780/1126 loss=0.033
  [epoch 3] step 790/1126 loss=0.003
  [epoch 3] step 800/1126 loss=0.003
  [epoch 3] step 810/1126 loss=0.020
  [epoch 3] step 820/1126 loss=0.033
  [epoch 3] step 830/1126 loss=0.084
  [epoch 3] step 840/1126 loss=0.016
  [epoch 3] step 850/1126 loss=0.053
  [epoch 3] step 860/1126 loss=0.014
  [epoch 3] step 870/1126 loss=0.017
  [epoch 3] step 880/1126 loss=0.026
  [epoch 3] step 890/1126 loss=0.039
  [epoch 3] step 900/1126 loss=0.012
  [epoch 3] step 910/1126 loss=0.034
  [epoch 3] step 920/1126 loss=0.015
  [epoch 3] step 930/1126 loss=0.011
  [epoch 3] step 940/1126 loss=0.031
  [epoch 3] step 950/1126 loss=0.028
  [epoch 3] step 960/1126 loss=0.050
  [epoch 3] step 970/1126 loss=0.034
  [epoch 3] step 980/1126 loss=0.022
  [epoch 3] step 990/1126 loss=0.004
  [epoch 3] step 1000/1126 loss=0.016
  [epoch 3] step 1010/1126 loss=0.004
  [epoch 3] step 1020/1126 loss=0.035
  [epoch 3] step 1030/1126 loss=0.111
  [epoch 3] step 1040/1126 loss=0.001
  [epoch 3] step 1050/1126 loss=0.029
  [epoch 3] step 1060/1126 loss=0.005
  [epoch 3] step 1070/1126 loss=0.009
  [epoch 3] step 1080/1126 loss=0.084
  [epoch 3] step 1090/1126 loss=0.011
  [epoch 3] step 1100/1126 loss=0.036
  [epoch 3] step 1110/1126 loss=0.006
  [epoch 3] step 1120/1126 loss=0.062
  [epoch 4] step 10/1126 loss=0.016
  [epoch 4] step 20/1126 loss=0.019
  [epoch 4] step 30/1126 loss=0.048
  [epoch 4] step 40/1126 loss=0.163
  [epoch 4] step 50/1126 loss=0.034
  [epoch 4] step 60/1126 loss=0.004
  [epoch 4] step 70/1126 loss=0.037
  [epoch 4] step 80/1126 loss=0.011
  [epoch 4] step 90/1126 loss=0.016
  [epoch 4] step 100/1126 loss=0.040
  [epoch 4] step 110/1126 loss=0.064
  [epoch 4] step 120/1126 loss=0.021
  [epoch 4] step 130/1126 loss=0.021
  [epoch 4] step 140/1126 loss=0.006
  [epoch 4] step 150/1126 loss=0.007
  [epoch 4] step 160/1126 loss=0.030
  [epoch 4] step 170/1126 loss=0.036
  [epoch 4] step 180/1126 loss=0.032
  [epoch 4] step 190/1126 loss=0.027
  [epoch 4] step 200/1126 loss=0.014
  [epoch 4] step 210/1126 loss=0.020
  [epoch 4] step 220/1126 loss=0.014
  [epoch 4] step 230/1126 loss=0.035
  [epoch 4] step 240/1126 loss=0.029
  [epoch 4] step 250/1126 loss=0.046
  [epoch 4] step 260/1126 loss=0.297
  [epoch 4] step 270/1126 loss=0.005
  [epoch 4] step 280/1126 loss=0.007
  [epoch 4] step 290/1126 loss=0.057
  [epoch 4] step 300/1126 loss=0.036
  [epoch 4] step 310/1126 loss=0.007
  [epoch 4] step 320/1126 loss=0.005
  [epoch 4] step 330/1126 loss=0.010
  [epoch 4] step 340/1126 loss=0.011
  [epoch 4] step 350/1126 loss=0.020
  [epoch 4] step 360/1126 loss=0.007
  [epoch 4] step 370/1126 loss=0.002
  [epoch 4] step 380/1126 loss=0.101
  [epoch 4] step 390/1126 loss=0.039
  [epoch 4] step 400/1126 loss=0.014
  [epoch 4] step 410/1126 loss=0.010
  [epoch 4] step 420/1126 loss=0.015
  [epoch 4] step 430/1126 loss=0.015
  [epoch 4] step 440/1126 loss=0.050
  [epoch 4] step 450/1126 loss=0.049
  [epoch 4] step 460/1126 loss=0.021
  [epoch 4] step 470/1126 loss=0.005
  [epoch 4] step 480/1126 loss=0.027
  [epoch 4] step 490/1126 loss=0.015
  [epoch 4] step 500/1126 loss=0.013
  [epoch 4] step 510/1126 loss=0.012
  [epoch 4] step 520/1126 loss=0.043
  [epoch 4] step 530/1126 loss=0.006
  [epoch 4] step 540/1126 loss=0.012
  [epoch 4] step 550/1126 loss=0.056
  [epoch 4] step 560/1126 loss=0.030
  [epoch 4] step 570/1126 loss=0.025
  [epoch 4] step 580/1126 loss=0.010
  [epoch 4] step 590/1126 loss=0.092
  [epoch 4] step 600/1126 loss=0.009
  [epoch 4] step 610/1126 loss=0.004
  [epoch 4] step 620/1126 loss=0.010
  [epoch 4] step 630/1126 loss=0.034
  [epoch 4] step 640/1126 loss=0.034
  [epoch 4] step 650/1126 loss=0.030
  [epoch 4] step 660/1126 loss=0.010
  [epoch 4] step 670/1126 loss=0.129
  [epoch 4] step 680/1126 loss=0.014
  [epoch 4] step 690/1126 loss=0.016
  [epoch 4] step 700/1126 loss=0.018
  [epoch 4] step 710/1126 loss=0.079
  [epoch 4] step 720/1126 loss=0.009
  [epoch 4] step 730/1126 loss=0.019
  [epoch 4] step 740/1126 loss=0.022
  [epoch 4] step 750/1126 loss=0.015
  [epoch 4] step 760/1126 loss=0.003
  [epoch 4] step 770/1126 loss=0.027
  [epoch 4] step 780/1126 loss=0.010
  [epoch 4] step 790/1126 loss=0.022
  [epoch 4] step 800/1126 loss=0.015
  [epoch 4] step 810/1126 loss=0.016
  [epoch 4] step 820/1126 loss=0.005
  [epoch 4] step 830/1126 loss=0.030
  [epoch 4] step 840/1126 loss=0.013
  [epoch 4] step 850/1126 loss=0.014
  [epoch 4] step 860/1126 loss=0.011
  [epoch 4] step 870/1126 loss=0.082
  [epoch 4] step 880/1126 loss=0.040
  [epoch 4] step 890/1126 loss=0.028
  [epoch 4] step 900/1126 loss=0.025
  [epoch 4] step 910/1126 loss=0.006
  [epoch 4] step 920/1126 loss=0.004
  [epoch 4] step 930/1126 loss=0.042
  [epoch 4] step 940/1126 loss=0.042
  [epoch 4] step 950/1126 loss=0.013
  [epoch 4] step 960/1126 loss=0.029
  [epoch 4] step 970/1126 loss=0.007
  [epoch 4] step 980/1126 loss=0.024
  [epoch 4] step 990/1126 loss=0.019
  [epoch 4] step 1000/1126 loss=0.104
  [epoch 4] step 1010/1126 loss=0.053
  [epoch 4] step 1020/1126 loss=0.045
  [epoch 4] step 1030/1126 loss=0.104
  [epoch 4] step 1040/1126 loss=0.024
  [epoch 4] step 1050/1126 loss=0.085
  [epoch 4] step 1060/1126 loss=0.020
  [epoch 4] step 1070/1126 loss=0.091
  [epoch 4] step 1080/1126 loss=0.008
  [epoch 4] step 1090/1126 loss=0.048
  [epoch 4] step 1100/1126 loss=0.021
  [epoch 4] step 1110/1126 loss=0.021
  [epoch 4] step 1120/1126 loss=0.029
  [epoch 5] step 10/1126 loss=0.113
  [epoch 5] step 20/1126 loss=0.037
  [epoch 5] step 30/1126 loss=0.008
  [epoch 5] step 40/1126 loss=0.020
  [epoch 5] step 50/1126 loss=0.079
  [epoch 5] step 60/1126 loss=0.014
  [epoch 5] step 70/1126 loss=0.026
  [epoch 5] step 80/1126 loss=0.066
  [epoch 5] step 90/1126 loss=0.094
  [epoch 5] step 100/1126 loss=0.027
  [epoch 5] step 110/1126 loss=0.074
  [epoch 5] step 120/1126 loss=0.066
  [epoch 5] step 130/1126 loss=0.034
  [epoch 5] step 140/1126 loss=0.011
  [epoch 5] step 150/1126 loss=0.004
  [epoch 5] step 160/1126 loss=0.003
  [epoch 5] step 170/1126 loss=0.050
  [epoch 5] step 180/1126 loss=0.036
  [epoch 5] step 190/1126 loss=0.006
  [epoch 5] step 200/1126 loss=0.059
  [epoch 5] step 210/1126 loss=0.019
  [epoch 5] step 220/1126 loss=0.008
  [epoch 5] step 230/1126 loss=0.003
  [epoch 5] step 240/1126 loss=0.037
  [epoch 5] step 250/1126 loss=0.024
  [epoch 5] step 260/1126 loss=0.008
  [epoch 5] step 270/1126 loss=0.004
  [epoch 5] step 280/1126 loss=0.070
  [epoch 5] step 290/1126 loss=0.002
  [epoch 5] step 300/1126 loss=0.008
  [epoch 5] step 310/1126 loss=0.008
  [epoch 5] step 320/1126 loss=0.050
  [epoch 5] step 330/1126 loss=0.029
  [epoch 5] step 340/1126 loss=0.029
  [epoch 5] step 350/1126 loss=0.031
  [epoch 5] step 360/1126 loss=0.006
  [epoch 5] step 370/1126 loss=0.155
  [epoch 5] step 380/1126 loss=0.045
  [epoch 5] step 390/1126 loss=0.013
  [epoch 5] step 400/1126 loss=0.026
  [epoch 5] step 410/1126 loss=0.014
  [epoch 5] step 420/1126 loss=0.015
  [epoch 5] step 430/1126 loss=0.013
  [epoch 5] step 440/1126 loss=0.003
  [epoch 5] step 450/1126 loss=0.020
  [epoch 5] step 460/1126 loss=0.002
  [epoch 5] step 470/1126 loss=0.029
  [epoch 5] step 480/1126 loss=0.023
  [epoch 5] step 490/1126 loss=0.011
  [epoch 5] step 500/1126 loss=0.019
  [epoch 5] step 510/1126 loss=0.012
  [epoch 5] step 520/1126 loss=0.001
  [epoch 5] step 530/1126 loss=0.005
  [epoch 5] step 540/1126 loss=0.003
  [epoch 5] step 550/1126 loss=0.010
  [epoch 5] step 560/1126 loss=0.003
  [epoch 5] step 570/1126 loss=0.040
  [epoch 5] step 580/1126 loss=0.051
  [epoch 5] step 590/1126 loss=0.019
  [epoch 5] step 600/1126 loss=0.015
  [epoch 5] step 610/1126 loss=0.085
  [epoch 5] step 620/1126 loss=0.006
  [epoch 5] step 630/1126 loss=0.004
  [epoch 5] step 640/1126 loss=0.041
  [epoch 5] step 650/1126 loss=0.015
  [epoch 5] step 660/1126 loss=0.040
  [epoch 5] step 670/1126 loss=0.029
  [epoch 5] step 680/1126 loss=0.005
  [epoch 5] step 690/1126 loss=0.021
  [epoch 5] step 700/1126 loss=0.004
  [epoch 5] step 710/1126 loss=0.020
  [epoch 5] step 720/1126 loss=0.033
  [epoch 5] step 730/1126 loss=0.130
  [epoch 5] step 740/1126 loss=0.035
  [epoch 5] step 750/1126 loss=0.042
  [epoch 5] step 760/1126 loss=0.007
  [epoch 5] step 770/1126 loss=0.022
  [epoch 5] step 780/1126 loss=0.004
  [epoch 5] step 790/1126 loss=0.027
  [epoch 5] step 800/1126 loss=0.006
  [epoch 5] step 810/1126 loss=0.015
  [epoch 5] step 820/1126 loss=0.004
  [epoch 5] step 830/1126 loss=0.027
  [epoch 5] step 840/1126 loss=0.003
  [epoch 5] step 850/1126 loss=0.023
  [epoch 5] step 860/1126 loss=0.033
  [epoch 5] step 870/1126 loss=0.019
  [epoch 5] step 880/1126 loss=0.018
  [epoch 5] step 890/1126 loss=0.012
  [epoch 5] step 900/1126 loss=0.024
  [epoch 5] step 910/1126 loss=0.015
  [epoch 5] step 920/1126 loss=0.012
  [epoch 5] step 930/1126 loss=0.025
  [epoch 5] step 940/1126 loss=0.053
  [epoch 5] step 950/1126 loss=0.031
  [epoch 5] step 960/1126 loss=0.045
  [epoch 5] step 970/1126 loss=0.037
  [epoch 5] step 980/1126 loss=0.005
  [epoch 5] step 990/1126 loss=0.004
  [epoch 5] step 1000/1126 loss=0.019
  [epoch 5] step 1010/1126 loss=0.063
  [epoch 5] step 1020/1126 loss=0.008
  [epoch 5] step 1030/1126 loss=0.046
  [epoch 5] step 1040/1126 loss=0.017
  [epoch 5] step 1050/1126 loss=0.040
  [epoch 5] step 1060/1126 loss=0.017
  [epoch 5] step 1070/1126 loss=0.039
  [epoch 5] step 1080/1126 loss=0.022
  [epoch 5] step 1090/1126 loss=0.038
  [epoch 5] step 1100/1126 loss=0.018
  [epoch 5] step 1110/1126 loss=0.042
  [epoch 5] step 1120/1126 loss=0.019
  [epoch 6] step 10/1126 loss=0.182
  [epoch 6] step 20/1126 loss=0.014
  [epoch 6] step 30/1126 loss=0.014
  [epoch 6] step 40/1126 loss=0.003
  [epoch 6] step 50/1126 loss=0.057
  [epoch 6] step 60/1126 loss=0.008
  [epoch 6] step 70/1126 loss=0.005
  [epoch 6] step 80/1126 loss=0.013
  [epoch 6] step 90/1126 loss=0.009
  [epoch 6] step 100/1126 loss=0.037
  [epoch 6] step 110/1126 loss=0.015
  [epoch 6] step 120/1126 loss=0.016
  [epoch 6] step 130/1126 loss=0.019
  [epoch 6] step 140/1126 loss=0.020
  [epoch 6] step 150/1126 loss=0.009
  [epoch 6] step 160/1126 loss=0.017
  [epoch 6] step 170/1126 loss=0.019
  [epoch 6] step 180/1126 loss=0.035
  [epoch 6] step 190/1126 loss=0.030
  [epoch 6] step 200/1126 loss=0.004
  [epoch 6] step 210/1126 loss=0.032
  [epoch 6] step 220/1126 loss=0.028
  [epoch 6] step 230/1126 loss=0.019
  [epoch 6] step 240/1126 loss=0.018
  [epoch 6] step 250/1126 loss=0.034
  [epoch 6] step 260/1126 loss=0.007
  [epoch 6] step 270/1126 loss=0.019
  [epoch 6] step 280/1126 loss=0.009
  [epoch 6] step 290/1126 loss=0.015
  [epoch 6] step 300/1126 loss=0.026
  [epoch 6] step 310/1126 loss=0.002
  [epoch 6] step 320/1126 loss=0.093
  [epoch 6] step 330/1126 loss=0.019
  [epoch 6] step 340/1126 loss=0.031
  [epoch 6] step 350/1126 loss=0.003
  [epoch 6] step 360/1126 loss=0.043
  [epoch 6] step 370/1126 loss=0.033
  [epoch 6] step 380/1126 loss=0.012
  [epoch 6] step 390/1126 loss=0.010
  [epoch 6] step 400/1126 loss=0.006
  [epoch 6] step 410/1126 loss=0.062
  [epoch 6] step 420/1126 loss=0.009
  [epoch 6] step 430/1126 loss=0.017
  [epoch 6] step 440/1126 loss=0.013
  [epoch 6] step 450/1126 loss=0.009
  [epoch 6] step 460/1126 loss=0.009
  [epoch 6] step 470/1126 loss=0.019
  [epoch 6] step 480/1126 loss=0.001
  [epoch 6] step 490/1126 loss=0.024
  [epoch 6] step 500/1126 loss=0.009
  [epoch 6] step 510/1126 loss=0.005
  [epoch 6] step 520/1126 loss=0.059
  [epoch 6] step 530/1126 loss=0.036
  [epoch 6] step 540/1126 loss=0.024
  [epoch 6] step 550/1126 loss=0.057
  [epoch 6] step 560/1126 loss=0.012
  [epoch 6] step 570/1126 loss=0.043
  [epoch 6] step 580/1126 loss=0.134
  [epoch 6] step 590/1126 loss=0.016
  [epoch 6] step 600/1126 loss=0.003
  [epoch 6] step 610/1126 loss=0.068
  [epoch 6] step 620/1126 loss=0.017
  [epoch 6] step 630/1126 loss=0.044
  [epoch 6] step 640/1126 loss=0.007
  [epoch 6] step 650/1126 loss=0.019
  [epoch 6] step 660/1126 loss=0.009
  [epoch 6] step 670/1126 loss=0.020
  [epoch 6] step 680/1126 loss=0.004
  [epoch 6] step 690/1126 loss=0.016
  [epoch 6] step 700/1126 loss=0.019
  [epoch 6] step 710/1126 loss=0.047
  [epoch 6] step 720/1126 loss=0.022
  [epoch 6] step 730/1126 loss=0.010
  [epoch 6] step 740/1126 loss=0.021
  [epoch 6] step 750/1126 loss=0.035
  [epoch 6] step 760/1126 loss=0.010
  [epoch 6] step 770/1126 loss=0.007
  [epoch 6] step 780/1126 loss=0.032
  [epoch 6] step 790/1126 loss=0.067
  [epoch 6] step 800/1126 loss=0.023
  [epoch 6] step 810/1126 loss=0.045
  [epoch 6] step 820/1126 loss=0.005
  [epoch 6] step 830/1126 loss=0.015
  [epoch 6] step 840/1126 loss=0.010
  [epoch 6] step 850/1126 loss=0.023
  [epoch 6] step 860/1126 loss=0.016
  [epoch 6] step 870/1126 loss=0.002
  [epoch 6] step 880/1126 loss=0.027
  [epoch 6] step 890/1126 loss=0.024
  [epoch 6] step 900/1126 loss=0.007
  [epoch 6] step 910/1126 loss=0.003
  [epoch 6] step 920/1126 loss=0.014
  [epoch 6] step 930/1126 loss=0.010
  [epoch 6] step 940/1126 loss=0.061
  [epoch 6] step 950/1126 loss=0.004
  [epoch 6] step 960/1126 loss=0.029
  [epoch 6] step 970/1126 loss=0.082
  [epoch 6] step 980/1126 loss=0.028
  [epoch 6] step 990/1126 loss=0.008
  [epoch 6] step 1000/1126 loss=0.020
  [epoch 6] step 1010/1126 loss=0.037
  [epoch 6] step 1020/1126 loss=0.020
  [epoch 6] step 1030/1126 loss=0.006
  [epoch 6] step 1040/1126 loss=0.005
  [epoch 6] step 1050/1126 loss=0.037
  [epoch 6] step 1060/1126 loss=0.027
  [epoch 6] step 1070/1126 loss=0.037
  [epoch 6] step 1080/1126 loss=0.032
  [epoch 6] step 1090/1126 loss=0.013
  [epoch 6] step 1100/1126 loss=0.021
  [epoch 6] step 1110/1126 loss=0.053
  [epoch 6] step 1120/1126 loss=0.013
  [epoch 7] step 10/1126 loss=0.003
  [epoch 7] step 20/1126 loss=0.011
  [epoch 7] step 30/1126 loss=0.016
  [epoch 7] step 40/1126 loss=0.016
  [epoch 7] step 50/1126 loss=0.006
  [epoch 7] step 60/1126 loss=0.019
  [epoch 7] step 70/1126 loss=0.055
  [epoch 7] step 80/1126 loss=0.072
  [epoch 7] step 90/1126 loss=0.024
  [epoch 7] step 100/1126 loss=0.039
  [epoch 7] step 110/1126 loss=0.006
  [epoch 7] step 120/1126 loss=0.049
  [epoch 7] step 130/1126 loss=0.001
  [epoch 7] step 140/1126 loss=0.020
  [epoch 7] step 150/1126 loss=0.008
  [epoch 7] step 160/1126 loss=0.003
  [epoch 7] step 170/1126 loss=0.012
  [epoch 7] step 180/1126 loss=0.037
  [epoch 7] step 190/1126 loss=0.008
  [epoch 7] step 200/1126 loss=0.085
  [epoch 7] step 210/1126 loss=0.039
  [epoch 7] step 220/1126 loss=0.027
  [epoch 7] step 230/1126 loss=0.018
  [epoch 7] step 240/1126 loss=0.055
  [epoch 7] step 250/1126 loss=0.015
  [epoch 7] step 260/1126 loss=0.007
  [epoch 7] step 270/1126 loss=0.023
  [epoch 7] step 280/1126 loss=0.002
  [epoch 7] step 290/1126 loss=0.007
  [epoch 7] step 300/1126 loss=0.021
  [epoch 7] step 310/1126 loss=0.003
  [epoch 7] step 320/1126 loss=0.017
  [epoch 7] step 330/1126 loss=0.021
  [epoch 7] step 340/1126 loss=0.015
  [epoch 7] step 350/1126 loss=0.066
  [epoch 7] step 360/1126 loss=0.010
  [epoch 7] step 370/1126 loss=0.003
  [epoch 7] step 380/1126 loss=0.010
  [epoch 7] step 390/1126 loss=0.014
  [epoch 7] step 400/1126 loss=0.061
  [epoch 7] step 410/1126 loss=0.038
  [epoch 7] step 420/1126 loss=0.081
  [epoch 7] step 430/1126 loss=0.038
  [epoch 7] step 440/1126 loss=0.018
  [epoch 7] step 450/1126 loss=0.005
  [epoch 7] step 460/1126 loss=0.039
  [epoch 7] step 470/1126 loss=0.063
  [epoch 7] step 480/1126 loss=0.043
  [epoch 7] step 490/1126 loss=0.013
  [epoch 7] step 500/1126 loss=0.029
  [epoch 7] step 510/1126 loss=0.074
  [epoch 7] step 520/1126 loss=0.008
  [epoch 7] step 530/1126 loss=0.013
  [epoch 7] step 540/1126 loss=0.018
  [epoch 7] step 550/1126 loss=0.014
  [epoch 7] step 560/1126 loss=0.018
  [epoch 7] step 570/1126 loss=0.015
  [epoch 7] step 580/1126 loss=0.015
  [epoch 7] step 590/1126 loss=0.003
  [epoch 7] step 600/1126 loss=0.063
  [epoch 7] step 610/1126 loss=0.011
  [epoch 7] step 620/1126 loss=0.006
  [epoch 7] step 630/1126 loss=0.005
  [epoch 7] step 640/1126 loss=0.009
  [epoch 7] step 650/1126 loss=0.003
  [epoch 7] step 660/1126 loss=0.007
  [epoch 7] step 670/1126 loss=0.048
  [epoch 7] step 680/1126 loss=0.035
  [epoch 7] step 690/1126 loss=0.009
  [epoch 7] step 700/1126 loss=0.020
  [epoch 7] step 710/1126 loss=0.035
  [epoch 7] step 720/1126 loss=0.050
  [epoch 7] step 730/1126 loss=0.032
  [epoch 7] step 740/1126 loss=0.030
  [epoch 7] step 750/1126 loss=0.017
  [epoch 7] step 760/1126 loss=0.043
  [epoch 7] step 770/1126 loss=0.028
  [epoch 7] step 780/1126 loss=0.011
  [epoch 7] step 790/1126 loss=0.023
  [epoch 7] step 800/1126 loss=0.029
  [epoch 7] step 810/1126 loss=0.042
  [epoch 7] step 820/1126 loss=0.063
  [epoch 7] step 830/1126 loss=0.086
  [epoch 7] step 840/1126 loss=0.024
  [epoch 7] step 850/1126 loss=0.047
  [epoch 7] step 860/1126 loss=0.016
  [epoch 7] step 870/1126 loss=0.026
  [epoch 7] step 880/1126 loss=0.022
  [epoch 7] step 890/1126 loss=0.004
  [epoch 7] step 900/1126 loss=0.020
  [epoch 7] step 910/1126 loss=0.009
  [epoch 7] step 920/1126 loss=0.022
  [epoch 7] step 930/1126 loss=0.020
  [epoch 7] step 940/1126 loss=0.009
  [epoch 7] step 950/1126 loss=0.009
  [epoch 7] step 960/1126 loss=0.004
  [epoch 7] step 970/1126 loss=0.003
  [epoch 7] step 980/1126 loss=0.158
  [epoch 7] step 990/1126 loss=0.011
  [epoch 7] step 1000/1126 loss=0.007
  [epoch 7] step 1010/1126 loss=0.014
  [epoch 7] step 1020/1126 loss=0.003
  [epoch 7] step 1030/1126 loss=0.008
  [epoch 7] step 1040/1126 loss=0.047
  [epoch 7] step 1050/1126 loss=0.021
  [epoch 7] step 1060/1126 loss=0.004
  [epoch 7] step 1070/1126 loss=0.012
  [epoch 7] step 1080/1126 loss=0.013
  [epoch 7] step 1090/1126 loss=0.016
  [epoch 7] step 1100/1126 loss=0.010
  [epoch 7] step 1110/1126 loss=0.008
  [epoch 7] step 1120/1126 loss=0.013
  [epoch 8] step 10/1126 loss=0.018
  [epoch 8] step 20/1126 loss=0.005
  [epoch 8] step 30/1126 loss=0.021
  [epoch 8] step 40/1126 loss=0.009
  [epoch 8] step 50/1126 loss=0.025
  [epoch 8] step 60/1126 loss=0.089
  [epoch 8] step 70/1126 loss=0.004
  [epoch 8] step 80/1126 loss=0.009
  [epoch 8] step 90/1126 loss=0.018
  [epoch 8] step 100/1126 loss=0.009
  [epoch 8] step 110/1126 loss=0.003
  [epoch 8] step 120/1126 loss=0.043
  [epoch 8] step 130/1126 loss=0.147
  [epoch 8] step 140/1126 loss=0.015
  [epoch 8] step 150/1126 loss=0.044
  [epoch 8] step 160/1126 loss=0.040
  [epoch 8] step 170/1126 loss=0.038
  [epoch 8] step 180/1126 loss=0.038
  [epoch 8] step 190/1126 loss=0.017
  [epoch 8] step 200/1126 loss=0.023
  [epoch 8] step 210/1126 loss=0.006
  [epoch 8] step 220/1126 loss=0.014
  [epoch 8] step 230/1126 loss=0.015
  [epoch 8] step 240/1126 loss=0.024
  [epoch 8] step 250/1126 loss=0.026
  [epoch 8] step 260/1126 loss=0.012
  [epoch 8] step 270/1126 loss=0.038
  [epoch 8] step 280/1126 loss=0.044
  [epoch 8] step 290/1126 loss=0.007
  [epoch 8] step 300/1126 loss=0.010
  [epoch 8] step 310/1126 loss=0.020
  [epoch 8] step 320/1126 loss=0.005
  [epoch 8] step 330/1126 loss=0.019
  [epoch 8] step 340/1126 loss=0.009
  [epoch 8] step 350/1126 loss=0.008
  [epoch 8] step 360/1126 loss=0.006
  [epoch 8] step 370/1126 loss=0.008
  [epoch 8] step 380/1126 loss=0.006
  [epoch 8] step 390/1126 loss=0.014
  [epoch 8] step 400/1126 loss=0.021
  [epoch 8] step 410/1126 loss=0.033
  [epoch 8] step 420/1126 loss=0.024
  [epoch 8] step 430/1126 loss=0.011
  [epoch 8] step 440/1126 loss=0.024
  [epoch 8] step 450/1126 loss=0.060
  [epoch 8] step 460/1126 loss=0.035
  [epoch 8] step 470/1126 loss=0.028
  [epoch 8] step 480/1126 loss=0.015
  [epoch 8] step 490/1126 loss=0.013
  [epoch 8] step 500/1126 loss=0.013
  [epoch 8] step 510/1126 loss=0.021
  [epoch 8] step 520/1126 loss=0.004
  [epoch 8] step 530/1126 loss=0.114
  [epoch 8] step 540/1126 loss=0.009
  [epoch 8] step 550/1126 loss=0.004
  [epoch 8] step 560/1126 loss=0.017
  [epoch 8] step 570/1126 loss=0.019
  [epoch 8] step 580/1126 loss=0.012
  [epoch 8] step 590/1126 loss=0.015
  [epoch 8] step 600/1126 loss=0.008
  [epoch 8] step 610/1126 loss=0.128
  [epoch 8] step 620/1126 loss=0.019
  [epoch 8] step 630/1126 loss=0.068
  [epoch 8] step 640/1126 loss=0.002
  [epoch 8] step 650/1126 loss=0.003
  [epoch 8] step 660/1126 loss=0.040
  [epoch 8] step 670/1126 loss=0.023
  [epoch 8] step 680/1126 loss=0.038
  [epoch 8] step 690/1126 loss=0.013
  [epoch 8] step 700/1126 loss=0.059
  [epoch 8] step 710/1126 loss=0.002
  [epoch 8] step 720/1126 loss=0.045
  [epoch 8] step 730/1126 loss=0.030
  [epoch 8] step 740/1126 loss=0.027
  [epoch 8] step 750/1126 loss=0.086
  [epoch 8] step 760/1126 loss=0.008
  [epoch 8] step 770/1126 loss=0.013
  [epoch 8] step 780/1126 loss=0.011
  [epoch 8] step 790/1126 loss=0.002
  [epoch 8] step 800/1126 loss=0.017
  [epoch 8] step 810/1126 loss=0.012
  [epoch 8] step 820/1126 loss=0.033
  [epoch 8] step 830/1126 loss=0.014
  [epoch 8] step 840/1126 loss=0.003
  [epoch 8] step 850/1126 loss=0.024
  [epoch 8] step 860/1126 loss=0.001
  [epoch 8] step 870/1126 loss=0.012
  [epoch 8] step 880/1126 loss=0.010
  [epoch 8] step 890/1126 loss=0.050
  [epoch 8] step 900/1126 loss=0.018
  [epoch 8] step 910/1126 loss=0.008
  [epoch 8] step 920/1126 loss=0.002
  [epoch 8] step 930/1126 loss=0.006
  [epoch 8] step 940/1126 loss=0.001
  [epoch 8] step 950/1126 loss=0.029
  [epoch 8] step 960/1126 loss=0.010
  [epoch 8] step 970/1126 loss=0.027
  [epoch 8] step 980/1126 loss=0.023
  [epoch 8] step 990/1126 loss=0.010
  [epoch 8] step 1000/1126 loss=0.036
  [epoch 8] step 1010/1126 loss=0.013
  [epoch 8] step 1020/1126 loss=0.017
  [epoch 8] step 1030/1126 loss=0.042
  [epoch 8] step 1040/1126 loss=0.003
  [epoch 8] step 1050/1126 loss=0.039
  [epoch 8] step 1060/1126 loss=0.010
  [epoch 8] step 1070/1126 loss=0.026
  [epoch 8] step 1080/1126 loss=0.012
  [epoch 8] step 1090/1126 loss=0.066
  [epoch 8] step 1100/1126 loss=0.008
  [epoch 8] step 1110/1126 loss=0.005
  [epoch 8] step 1120/1126 loss=0.012
  [epoch 9] step 10/1126 loss=0.010
  [epoch 9] step 20/1126 loss=0.009
  [epoch 9] step 30/1126 loss=0.005
  [epoch 9] step 40/1126 loss=0.108
  [epoch 9] step 50/1126 loss=0.049
  [epoch 9] step 60/1126 loss=0.050
  [epoch 9] step 70/1126 loss=0.021
  [epoch 9] step 80/1126 loss=0.082
  [epoch 9] step 90/1126 loss=0.035
  [epoch 9] step 100/1126 loss=0.004
  [epoch 9] step 110/1126 loss=0.018
  [epoch 9] step 120/1126 loss=0.048
  [epoch 9] step 130/1126 loss=0.013
  [epoch 9] step 140/1126 loss=0.012
  [epoch 9] step 150/1126 loss=0.042
  [epoch 9] step 160/1126 loss=0.010
  [epoch 9] step 170/1126 loss=0.010
  [epoch 9] step 180/1126 loss=0.020
  [epoch 9] step 190/1126 loss=0.047
  [epoch 9] step 200/1126 loss=0.008
  [epoch 9] step 210/1126 loss=0.021
  [epoch 9] step 220/1126 loss=0.015
  [epoch 9] step 230/1126 loss=0.023
  [epoch 9] step 240/1126 loss=0.051
  [epoch 9] step 250/1126 loss=0.013
  [epoch 9] step 260/1126 loss=0.004
  [epoch 9] step 270/1126 loss=0.074
  [epoch 9] step 280/1126 loss=0.069
  [epoch 9] step 290/1126 loss=0.004
  [epoch 9] step 300/1126 loss=0.012
  [epoch 9] step 310/1126 loss=0.005
  [epoch 9] step 320/1126 loss=0.045
  [epoch 9] step 330/1126 loss=0.022
  [epoch 9] step 340/1126 loss=0.027
  [epoch 9] step 350/1126 loss=0.050
  [epoch 9] step 360/1126 loss=0.015
  [epoch 9] step 370/1126 loss=0.016
  [epoch 9] step 380/1126 loss=0.006
  [epoch 9] step 390/1126 loss=0.030
  [epoch 9] step 400/1126 loss=0.001
  [epoch 9] step 410/1126 loss=0.003
  [epoch 9] step 420/1126 loss=0.015
  [epoch 9] step 430/1126 loss=0.035
  [epoch 9] step 440/1126 loss=0.027
  [epoch 9] step 450/1126 loss=0.003
  [epoch 9] step 460/1126 loss=0.025
  [epoch 9] step 470/1126 loss=0.062
  [epoch 9] step 480/1126 loss=0.038
  [epoch 9] step 490/1126 loss=0.013
  [epoch 9] step 500/1126 loss=0.007
  [epoch 9] step 510/1126 loss=0.030
  [epoch 9] step 520/1126 loss=0.009
  [epoch 9] step 530/1126 loss=0.008
  [epoch 9] step 540/1126 loss=0.007
  [epoch 9] step 550/1126 loss=0.006
  [epoch 9] step 560/1126 loss=0.005
  [epoch 9] step 570/1126 loss=0.008
  [epoch 9] step 580/1126 loss=0.013
  [epoch 9] step 590/1126 loss=0.025
  [epoch 9] step 600/1126 loss=0.020
  [epoch 9] step 610/1126 loss=0.005
  [epoch 9] step 620/1126 loss=0.016
  [epoch 9] step 630/1126 loss=0.016
  [epoch 9] step 640/1126 loss=0.020
  [epoch 9] step 650/1126 loss=0.033
  [epoch 9] step 660/1126 loss=0.035
  [epoch 9] step 670/1126 loss=0.009
  [epoch 9] step 680/1126 loss=0.038
  [epoch 9] step 690/1126 loss=0.015
  [epoch 9] step 700/1126 loss=0.083
  [epoch 9] step 710/1126 loss=0.008
  [epoch 9] step 720/1126 loss=0.020
  [epoch 9] step 730/1126 loss=0.036
  [epoch 9] step 740/1126 loss=0.031
  [epoch 9] step 750/1126 loss=0.072
  [epoch 9] step 760/1126 loss=0.005
  [epoch 9] step 770/1126 loss=0.045
  [epoch 9] step 780/1126 loss=0.005
  [epoch 9] step 790/1126 loss=0.056
  [epoch 9] step 800/1126 loss=0.045
  [epoch 9] step 810/1126 loss=0.007
  [epoch 9] step 820/1126 loss=0.048
  [epoch 9] step 830/1126 loss=0.014
  [epoch 9] step 840/1126 loss=0.023
  [epoch 9] step 850/1126 loss=0.028
  [epoch 9] step 860/1126 loss=0.042
  [epoch 9] step 870/1126 loss=0.035
  [epoch 9] step 880/1126 loss=0.032
  [epoch 9] step 890/1126 loss=0.007
  [epoch 9] step 900/1126 loss=0.040
  [epoch 9] step 910/1126 loss=0.006
  [epoch 9] step 920/1126 loss=0.083
  [epoch 9] step 930/1126 loss=0.033
  [epoch 9] step 940/1126 loss=0.021
  [epoch 9] step 950/1126 loss=0.024
  [epoch 9] step 960/1126 loss=0.058
  [epoch 9] step 970/1126 loss=0.003
  [epoch 9] step 980/1126 loss=0.003
  [epoch 9] step 990/1126 loss=0.017
  [epoch 9] step 1000/1126 loss=0.019
  [epoch 9] step 1010/1126 loss=0.037
  [epoch 9] step 1020/1126 loss=0.008
  [epoch 9] step 1030/1126 loss=0.042
  [epoch 9] step 1040/1126 loss=0.003
  [epoch 9] step 1050/1126 loss=0.009
  [epoch 9] step 1060/1126 loss=0.003
  [epoch 9] step 1070/1126 loss=0.010
  [epoch 9] step 1080/1126 loss=0.045
  [epoch 9] step 1090/1126 loss=0.006
  [epoch 9] step 1100/1126 loss=0.006
  [epoch 9] step 1110/1126 loss=0.018
  [epoch 9] step 1120/1126 loss=0.014
  [epoch 10] step 10/1126 loss=0.048
  [epoch 10] step 20/1126 loss=0.049
  [epoch 10] step 30/1126 loss=0.007
  [epoch 10] step 40/1126 loss=0.055
  [epoch 10] step 50/1126 loss=0.015
  [epoch 10] step 60/1126 loss=0.103
  [epoch 10] step 70/1126 loss=0.032
  [epoch 10] step 80/1126 loss=0.009
  [epoch 10] step 90/1126 loss=0.011
  [epoch 10] step 100/1126 loss=0.032
  [epoch 10] step 110/1126 loss=0.023
  [epoch 10] step 120/1126 loss=0.004
  [epoch 10] step 130/1126 loss=0.005
  [epoch 10] step 140/1126 loss=0.013
  [epoch 10] step 150/1126 loss=0.007
  [epoch 10] step 160/1126 loss=0.195
  [epoch 10] step 170/1126 loss=0.024
  [epoch 10] step 180/1126 loss=0.025
  [epoch 10] step 190/1126 loss=0.013
  [epoch 10] step 200/1126 loss=0.016
  [epoch 10] step 210/1126 loss=0.004
  [epoch 10] step 220/1126 loss=0.059
  [epoch 10] step 230/1126 loss=0.008
  [epoch 10] step 240/1126 loss=0.015
  [epoch 10] step 250/1126 loss=0.009
  [epoch 10] step 260/1126 loss=0.003
  [epoch 10] step 270/1126 loss=0.009
  [epoch 10] step 280/1126 loss=0.025
  [epoch 10] step 290/1126 loss=0.052
  [epoch 10] step 300/1126 loss=0.003
  [epoch 10] step 310/1126 loss=0.034
  [epoch 10] step 320/1126 loss=0.007
  [epoch 10] step 330/1126 loss=0.005
  [epoch 10] step 340/1126 loss=0.000
  [epoch 10] step 350/1126 loss=0.073
  [epoch 10] step 360/1126 loss=0.011
  [epoch 10] step 370/1126 loss=0.007
  [epoch 10] step 380/1126 loss=0.026
  [epoch 10] step 390/1126 loss=0.007
  [epoch 10] step 400/1126 loss=0.007
  [epoch 10] step 410/1126 loss=0.027
  [epoch 10] step 420/1126 loss=0.005
  [epoch 10] step 430/1126 loss=0.041
  [epoch 10] step 440/1126 loss=0.043
  [epoch 10] step 450/1126 loss=0.011
  [epoch 10] step 460/1126 loss=0.050
  [epoch 10] step 470/1126 loss=0.043
  [epoch 10] step 480/1126 loss=0.008
  [epoch 10] step 490/1126 loss=0.013
  [epoch 10] step 500/1126 loss=0.025
  [epoch 10] step 510/1126 loss=0.029
  [epoch 10] step 520/1126 loss=0.005
  [epoch 10] step 530/1126 loss=0.029
  [epoch 10] step 540/1126 loss=0.008
  [epoch 10] step 550/1126 loss=0.186
  [epoch 10] step 560/1126 loss=0.010
  [epoch 10] step 570/1126 loss=0.008
  [epoch 10] step 580/1126 loss=0.003
  [epoch 10] step 590/1126 loss=0.018
  [epoch 10] step 600/1126 loss=0.035
  [epoch 10] step 610/1126 loss=0.023
  [epoch 10] step 620/1126 loss=0.004
  [epoch 10] step 630/1126 loss=0.022
  [epoch 10] step 640/1126 loss=0.065
  [epoch 10] step 650/1126 loss=0.016
  [epoch 10] step 660/1126 loss=0.021
  [epoch 10] step 670/1126 loss=0.009
  [epoch 10] step 680/1126 loss=0.016
  [epoch 10] step 690/1126 loss=0.015
  [epoch 10] step 700/1126 loss=0.014
  [epoch 10] step 710/1126 loss=0.059
  [epoch 10] step 720/1126 loss=0.002
  [epoch 10] step 730/1126 loss=0.030
  [epoch 10] step 740/1126 loss=0.018
  [epoch 10] step 750/1126 loss=0.013
  [epoch 10] step 760/1126 loss=0.008
  [epoch 10] step 770/1126 loss=0.015
  [epoch 10] step 780/1126 loss=0.003
  [epoch 10] step 790/1126 loss=0.055
  [epoch 10] step 800/1126 loss=0.036
  [epoch 10] step 810/1126 loss=0.014
  [epoch 10] step 820/1126 loss=0.007
  [epoch 10] step 830/1126 loss=0.026
  [epoch 10] step 840/1126 loss=0.009
  [epoch 10] step 850/1126 loss=0.056
  [epoch 10] step 860/1126 loss=0.014
  [epoch 10] step 870/1126 loss=0.025
  [epoch 10] step 880/1126 loss=0.019
  [epoch 10] step 890/1126 loss=0.021
  [epoch 10] step 900/1126 loss=0.023
  [epoch 10] step 910/1126 loss=0.047
  [epoch 10] step 920/1126 loss=0.005
  [epoch 10] step 930/1126 loss=0.004
  [epoch 10] step 940/1126 loss=0.016
  [epoch 10] step 950/1126 loss=0.016
  [epoch 10] step 960/1126 loss=0.014
  [epoch 10] step 970/1126 loss=0.019
  [epoch 10] step 980/1126 loss=0.014
  [epoch 10] step 990/1126 loss=0.006
  [epoch 10] step 1000/1126 loss=0.016
  [epoch 10] step 1010/1126 loss=0.021
  [epoch 10] step 1020/1126 loss=0.010
  [epoch 10] step 1030/1126 loss=0.009
  [epoch 10] step 1040/1126 loss=0.063
  [epoch 10] step 1050/1126 loss=0.018
  [epoch 10] step 1060/1126 loss=0.013
  [epoch 10] step 1070/1126 loss=0.024
  [epoch 10] step 1080/1126 loss=0.012
  [epoch 10] step 1090/1126 loss=0.009
  [epoch 10] step 1100/1126 loss=0.021
  [epoch 10] step 1110/1126 loss=0.003
  [epoch 10] step 1120/1126 loss=0.016
SROCC=0.6616 PLCC=0.6184 OBJ=1.2800
  -> 新 best (OBJ=1.2800)，权重已保存

===== 轮次 2/5 | B.1 伪标签生成 =====
  [epoch 1] step 10/788 loss=0.104
  [epoch 1] step 20/788 loss=0.100
  [epoch 1] step 30/788 loss=0.029
  [epoch 1] step 40/788 loss=0.035
  [epoch 1] step 50/788 loss=0.062
  [epoch 1] step 60/788 loss=0.051
  [epoch 1] step 70/788 loss=0.028
  [epoch 1] step 80/788 loss=0.031
  [epoch 1] step 90/788 loss=0.022
  [epoch 1] step 100/788 loss=0.078
  [epoch 1] step 110/788 loss=0.018
  [epoch 1] step 120/788 loss=0.002
  [epoch 1] step 130/788 loss=0.003
  [epoch 1] step 140/788 loss=0.044
  [epoch 1] step 150/788 loss=0.017
  [epoch 1] step 160/788 loss=0.011
  [epoch 1] step 170/788 loss=0.044
  [epoch 1] step 180/788 loss=0.013
  [epoch 1] step 190/788 loss=0.019
  [epoch 1] step 200/788 loss=0.003
  [epoch 1] step 210/788 loss=0.035
  [epoch 1] step 220/788 loss=0.004
  [epoch 1] step 230/788 loss=0.041
  [epoch 1] step 240/788 loss=0.018
  [epoch 1] step 250/788 loss=0.034
  [epoch 1] step 260/788 loss=0.024
  [epoch 1] step 270/788 loss=0.084
  [epoch 1] step 280/788 loss=0.005
  [epoch 1] step 290/788 loss=0.048
  [epoch 1] step 300/788 loss=0.010
  [epoch 1] step 310/788 loss=0.041
  [epoch 1] step 320/788 loss=0.021
  [epoch 1] step 330/788 loss=0.011
  [epoch 1] step 340/788 loss=0.037
  [epoch 1] step 350/788 loss=0.049
  [epoch 1] step 360/788 loss=0.098
  [epoch 1] step 370/788 loss=0.060
  [epoch 1] step 380/788 loss=0.025
  [epoch 1] step 390/788 loss=0.038
  [epoch 1] step 400/788 loss=0.045
  [epoch 1] step 410/788 loss=0.042
  [epoch 1] step 420/788 loss=0.008
  [epoch 1] step 430/788 loss=0.024
  [epoch 1] step 440/788 loss=0.017
  [epoch 1] step 450/788 loss=0.014
  [epoch 1] step 460/788 loss=0.041
  [epoch 1] step 470/788 loss=0.124
  [epoch 1] step 480/788 loss=0.040
  [epoch 1] step 490/788 loss=0.018
  [epoch 1] step 500/788 loss=0.031
  [epoch 1] step 510/788 loss=0.011
  [epoch 1] step 520/788 loss=0.014
  [epoch 1] step 530/788 loss=0.032
  [epoch 1] step 540/788 loss=0.026
  [epoch 1] step 550/788 loss=0.033
  [epoch 1] step 560/788 loss=0.018
  [epoch 1] step 570/788 loss=0.014
  [epoch 1] step 580/788 loss=0.016
  [epoch 1] step 590/788 loss=0.031
  [epoch 1] step 600/788 loss=0.040
  [epoch 1] step 610/788 loss=0.085
  [epoch 1] step 620/788 loss=0.082
  [epoch 1] step 630/788 loss=0.036
  [epoch 1] step 640/788 loss=0.043
  [epoch 1] step 650/788 loss=0.031
  [epoch 1] step 660/788 loss=0.010
  [epoch 1] step 670/788 loss=0.027
  [epoch 1] step 680/788 loss=0.030
  [epoch 1] step 690/788 loss=0.069
  [epoch 1] step 700/788 loss=0.029
  [epoch 1] step 710/788 loss=0.018
  [epoch 1] step 720/788 loss=0.047
  [epoch 1] step 730/788 loss=0.010
  [epoch 1] step 740/788 loss=0.057
  [epoch 1] step 750/788 loss=0.002
  [epoch 1] step 760/788 loss=0.057
  [epoch 1] step 770/788 loss=0.047
  [epoch 1] step 780/788 loss=0.018
  [epoch 2] step 10/788 loss=0.037
  [epoch 2] step 20/788 loss=0.023
  [epoch 2] step 30/788 loss=0.008
  [epoch 2] step 40/788 loss=0.032
  [epoch 2] step 50/788 loss=0.009
  [epoch 2] step 60/788 loss=0.019
  [epoch 2] step 70/788 loss=0.071
  [epoch 2] step 80/788 loss=0.036
  [epoch 2] step 90/788 loss=0.026
  [epoch 2] step 100/788 loss=0.017
  [epoch 2] step 110/788 loss=0.059
  [epoch 2] step 120/788 loss=0.018
  [epoch 2] step 130/788 loss=0.071
  [epoch 2] step 140/788 loss=0.044
  [epoch 2] step 150/788 loss=0.062
  [epoch 2] step 160/788 loss=0.120
  [epoch 2] step 170/788 loss=0.008
  [epoch 2] step 180/788 loss=0.023
  [epoch 2] step 190/788 loss=0.026
  [epoch 2] step 200/788 loss=0.064
  [epoch 2] step 210/788 loss=0.078
  [epoch 2] step 220/788 loss=0.012
  [epoch 2] step 230/788 loss=0.104
  [epoch 2] step 240/788 loss=0.042
  [epoch 2] step 250/788 loss=0.031
  [epoch 2] step 260/788 loss=0.032
  [epoch 2] step 270/788 loss=0.023
  [epoch 2] step 280/788 loss=0.051
  [epoch 2] step 290/788 loss=0.005
  [epoch 2] step 300/788 loss=0.225
  [epoch 2] step 310/788 loss=0.028
  [epoch 2] step 320/788 loss=0.027
  [epoch 2] step 330/788 loss=0.023
  [epoch 2] step 340/788 loss=0.021
  [epoch 2] step 350/788 loss=0.025
  [epoch 2] step 360/788 loss=0.041
  [epoch 2] step 370/788 loss=0.018
  [epoch 2] step 380/788 loss=0.015
  [epoch 2] step 390/788 loss=0.017
  [epoch 2] step 400/788 loss=0.014
  [epoch 2] step 410/788 loss=0.028
  [epoch 2] step 420/788 loss=0.022
  [epoch 2] step 430/788 loss=0.041
  [epoch 2] step 440/788 loss=0.006
  [epoch 2] step 450/788 loss=0.033
  [epoch 2] step 460/788 loss=0.018
  [epoch 2] step 470/788 loss=0.079
  [epoch 2] step 480/788 loss=0.033
  [epoch 2] step 490/788 loss=0.045
  [epoch 2] step 500/788 loss=0.027
  [epoch 2] step 510/788 loss=0.040
  [epoch 2] step 520/788 loss=0.027
  [epoch 2] step 530/788 loss=0.041
  [epoch 2] step 540/788 loss=0.063
  [epoch 2] step 550/788 loss=0.129
  [epoch 2] step 560/788 loss=0.044
  [epoch 2] step 570/788 loss=0.056
  [epoch 2] step 580/788 loss=0.003
  [epoch 2] step 590/788 loss=0.032
  [epoch 2] step 600/788 loss=0.082
  [epoch 2] step 610/788 loss=0.031
  [epoch 2] step 620/788 loss=0.046
  [epoch 2] step 630/788 loss=0.033
  [epoch 2] step 640/788 loss=0.007
  [epoch 2] step 650/788 loss=0.040
  [epoch 2] step 660/788 loss=0.046
  [epoch 2] step 670/788 loss=0.007
  [epoch 2] step 680/788 loss=0.045
  [epoch 2] step 690/788 loss=0.027
  [epoch 2] step 700/788 loss=0.013
  [epoch 2] step 710/788 loss=0.013
  [epoch 2] step 720/788 loss=0.012
  [epoch 2] step 730/788 loss=0.017
  [epoch 2] step 740/788 loss=0.007
  [epoch 2] step 750/788 loss=0.044
  [epoch 2] step 760/788 loss=0.029
  [epoch 2] step 770/788 loss=0.022
  [epoch 2] step 780/788 loss=0.033
  [epoch 3] step 10/788 loss=0.042
  [epoch 3] step 20/788 loss=0.025
  [epoch 3] step 30/788 loss=0.049
  [epoch 3] step 40/788 loss=0.015
  [epoch 3] step 50/788 loss=0.003
  [epoch 3] step 60/788 loss=0.001
  [epoch 3] step 70/788 loss=0.061
  [epoch 3] step 80/788 loss=0.033
  [epoch 3] step 90/788 loss=0.054
  [epoch 3] step 100/788 loss=0.011
  [epoch 3] step 110/788 loss=0.009
  [epoch 3] step 120/788 loss=0.005
  [epoch 3] step 130/788 loss=0.012
  [epoch 3] step 140/788 loss=0.031
  [epoch 3] step 150/788 loss=0.035
  [epoch 3] step 160/788 loss=0.006
  [epoch 3] step 170/788 loss=0.032
  [epoch 3] step 180/788 loss=0.021
  [epoch 3] step 190/788 loss=0.057
  [epoch 3] step 200/788 loss=0.009
  [epoch 3] step 210/788 loss=0.027
  [epoch 3] step 220/788 loss=0.049
  [epoch 3] step 230/788 loss=0.026
  [epoch 3] step 240/788 loss=0.007
  [epoch 3] step 250/788 loss=0.024
  [epoch 3] step 260/788 loss=0.003
  [epoch 3] step 270/788 loss=0.003
  [epoch 3] step 280/788 loss=0.022
  [epoch 3] step 290/788 loss=0.090
  [epoch 3] step 300/788 loss=0.014
  [epoch 3] step 310/788 loss=0.094
  [epoch 3] step 320/788 loss=0.032
  [epoch 3] step 330/788 loss=0.004
  [epoch 3] step 340/788 loss=0.037
  [epoch 3] step 350/788 loss=0.042
  [epoch 3] step 360/788 loss=0.017
  [epoch 3] step 370/788 loss=0.014
  [epoch 3] step 380/788 loss=0.016
  [epoch 3] step 390/788 loss=0.022
  [epoch 3] step 400/788 loss=0.010
  [epoch 3] step 410/788 loss=0.098
  [epoch 3] step 420/788 loss=0.024
  [epoch 3] step 430/788 loss=0.042
  [epoch 3] step 440/788 loss=0.015
  [epoch 3] step 450/788 loss=0.016
  [epoch 3] step 460/788 loss=0.012
  [epoch 3] step 470/788 loss=0.026
  [epoch 3] step 480/788 loss=0.020
  [epoch 3] step 490/788 loss=0.065
  [epoch 3] step 500/788 loss=0.056
  [epoch 3] step 510/788 loss=0.020
  [epoch 3] step 520/788 loss=0.037
  [epoch 3] step 530/788 loss=0.009
  [epoch 3] step 540/788 loss=0.019
  [epoch 3] step 550/788 loss=0.041
  [epoch 3] step 560/788 loss=0.062
  [epoch 3] step 570/788 loss=0.013
  [epoch 3] step 580/788 loss=0.017
  [epoch 3] step 590/788 loss=0.006
  [epoch 3] step 600/788 loss=0.029
  [epoch 3] step 610/788 loss=0.041
  [epoch 3] step 620/788 loss=0.024
  [epoch 3] step 630/788 loss=0.037
  [epoch 3] step 640/788 loss=0.002
  [epoch 3] step 650/788 loss=0.014
  [epoch 3] step 660/788 loss=0.071
  [epoch 3] step 670/788 loss=0.033
  [epoch 3] step 680/788 loss=0.028
  [epoch 3] step 690/788 loss=0.002
  [epoch 3] step 700/788 loss=0.007
  [epoch 3] step 710/788 loss=0.014
  [epoch 3] step 720/788 loss=0.002
  [epoch 3] step 730/788 loss=0.012
  [epoch 3] step 740/788 loss=0.006
  [epoch 3] step 750/788 loss=0.147
  [epoch 3] step 760/788 loss=0.005
  [epoch 3] step 770/788 loss=0.043
  [epoch 3] step 780/788 loss=0.001
  run 1/5 完成
  [epoch 1] step 10/788 loss=0.035
  [epoch 1] step 20/788 loss=0.036
  [epoch 1] step 30/788 loss=0.176
  [epoch 1] step 40/788 loss=0.064
  [epoch 1] step 50/788 loss=0.044
  [epoch 1] step 60/788 loss=0.039
  [epoch 1] step 70/788 loss=0.009
  [epoch 1] step 80/788 loss=0.027
  [epoch 1] step 90/788 loss=0.015
  [epoch 1] step 100/788 loss=0.038
  [epoch 1] step 110/788 loss=0.018
  [epoch 1] step 120/788 loss=0.002
  [epoch 1] step 130/788 loss=0.011
  [epoch 1] step 140/788 loss=0.048
  [epoch 1] step 150/788 loss=0.043
  [epoch 1] step 160/788 loss=0.032
  [epoch 1] step 170/788 loss=0.009
  [epoch 1] step 180/788 loss=0.045
  [epoch 1] step 190/788 loss=0.003
  [epoch 1] step 200/788 loss=0.018
  [epoch 1] step 210/788 loss=0.056
  [epoch 1] step 220/788 loss=0.052
  [epoch 1] step 230/788 loss=0.041
  [epoch 1] step 240/788 loss=0.007
  [epoch 1] step 250/788 loss=0.020
  [epoch 1] step 260/788 loss=0.049
  [epoch 1] step 270/788 loss=0.104
  [epoch 1] step 280/788 loss=0.003
  [epoch 1] step 290/788 loss=0.018
  [epoch 1] step 300/788 loss=0.056
  [epoch 1] step 310/788 loss=0.014
  [epoch 1] step 320/788 loss=0.013
  [epoch 1] step 330/788 loss=0.061
  [epoch 1] step 340/788 loss=0.002
  [epoch 1] step 350/788 loss=0.017
  [epoch 1] step 360/788 loss=0.007
  [epoch 1] step 370/788 loss=0.010
  [epoch 1] step 380/788 loss=0.021
  [epoch 1] step 390/788 loss=0.023
  [epoch 1] step 400/788 loss=0.011
  [epoch 1] step 410/788 loss=0.008
  [epoch 1] step 420/788 loss=0.040
  [epoch 1] step 430/788 loss=0.001
  [epoch 1] step 440/788 loss=0.027
  [epoch 1] step 450/788 loss=0.022
  [epoch 1] step 460/788 loss=0.057
  [epoch 1] step 470/788 loss=0.028
  [epoch 1] step 480/788 loss=0.026
  [epoch 1] step 490/788 loss=0.017
  [epoch 1] step 500/788 loss=0.007
  [epoch 1] step 510/788 loss=0.022
  [epoch 1] step 520/788 loss=0.018
  [epoch 1] step 530/788 loss=0.054
  [epoch 1] step 540/788 loss=0.035
  [epoch 1] step 550/788 loss=0.047
  [epoch 1] step 560/788 loss=0.011
  [epoch 1] step 570/788 loss=0.075
  [epoch 1] step 580/788 loss=0.075
  [epoch 1] step 590/788 loss=0.037
  [epoch 1] step 600/788 loss=0.011
  [epoch 1] step 610/788 loss=0.089
  [epoch 1] step 620/788 loss=0.009
  [epoch 1] step 630/788 loss=0.012
  [epoch 1] step 640/788 loss=0.033
  [epoch 1] step 650/788 loss=0.023
  [epoch 1] step 660/788 loss=0.014
  [epoch 1] step 670/788 loss=0.100
  [epoch 1] step 680/788 loss=0.015
  [epoch 1] step 690/788 loss=0.044
  [epoch 1] step 700/788 loss=0.010
  [epoch 1] step 710/788 loss=0.010
  [epoch 1] step 720/788 loss=0.022
  [epoch 1] step 730/788 loss=0.032
  [epoch 1] step 740/788 loss=0.055
  [epoch 1] step 750/788 loss=0.132
  [epoch 1] step 760/788 loss=0.088
  [epoch 1] step 770/788 loss=0.079
  [epoch 1] step 780/788 loss=0.107
  [epoch 2] step 10/788 loss=0.086
  [epoch 2] step 20/788 loss=0.014
  [epoch 2] step 30/788 loss=0.050
  [epoch 2] step 40/788 loss=0.035
  [epoch 2] step 50/788 loss=0.037
  [epoch 2] step 60/788 loss=0.086
  [epoch 2] step 70/788 loss=0.022
  [epoch 2] step 80/788 loss=0.002
  [epoch 2] step 90/788 loss=0.041
  [epoch 2] step 100/788 loss=0.035
  [epoch 2] step 110/788 loss=0.004
  [epoch 2] step 120/788 loss=0.036
  [epoch 2] step 130/788 loss=0.046
  [epoch 2] step 140/788 loss=0.017
  [epoch 2] step 150/788 loss=0.097
  [epoch 2] step 160/788 loss=0.011
  [epoch 2] step 170/788 loss=0.051
  [epoch 2] step 180/788 loss=0.021
  [epoch 2] step 190/788 loss=0.047
  [epoch 2] step 200/788 loss=0.012
  [epoch 2] step 210/788 loss=0.019
  [epoch 2] step 220/788 loss=0.052
  [epoch 2] step 230/788 loss=0.004
  [epoch 2] step 240/788 loss=0.070
  [epoch 2] step 250/788 loss=0.033
  [epoch 2] step 260/788 loss=0.029
  [epoch 2] step 270/788 loss=0.055
  [epoch 2] step 280/788 loss=0.128
  [epoch 2] step 290/788 loss=0.048
  [epoch 2] step 300/788 loss=0.054
  [epoch 2] step 310/788 loss=0.007
  [epoch 2] step 320/788 loss=0.020
  [epoch 2] step 330/788 loss=0.020
  [epoch 2] step 340/788 loss=0.106
  [epoch 2] step 350/788 loss=0.062
  [epoch 2] step 360/788 loss=0.004
  [epoch 2] step 370/788 loss=0.036
  [epoch 2] step 380/788 loss=0.055
  [epoch 2] step 390/788 loss=0.012
  [epoch 2] step 400/788 loss=0.030
  [epoch 2] step 410/788 loss=0.019
  [epoch 2] step 420/788 loss=0.011
  [epoch 2] step 430/788 loss=0.008
  [epoch 2] step 440/788 loss=0.011
  [epoch 2] step 450/788 loss=0.040
  [epoch 2] step 460/788 loss=0.004
  [epoch 2] step 470/788 loss=0.012
  [epoch 2] step 480/788 loss=0.020
  [epoch 2] step 490/788 loss=0.033
  [epoch 2] step 500/788 loss=0.018
  [epoch 2] step 510/788 loss=0.011
  [epoch 2] step 520/788 loss=0.016
  [epoch 2] step 530/788 loss=0.033
  [epoch 2] step 540/788 loss=0.033
  [epoch 2] step 550/788 loss=0.005
  [epoch 2] step 560/788 loss=0.131
  [epoch 2] step 570/788 loss=0.006
  [epoch 2] step 580/788 loss=0.036
  [epoch 2] step 590/788 loss=0.043
  [epoch 2] step 600/788 loss=0.011
  [epoch 2] step 610/788 loss=0.019
  [epoch 2] step 620/788 loss=0.055
  [epoch 2] step 630/788 loss=0.046
  [epoch 2] step 640/788 loss=0.013
  [epoch 2] step 650/788 loss=0.016
  [epoch 2] step 660/788 loss=0.011
  [epoch 2] step 670/788 loss=0.062
  [epoch 2] step 680/788 loss=0.031
  [epoch 2] step 690/788 loss=0.021
  [epoch 2] step 700/788 loss=0.009
  [epoch 2] step 710/788 loss=0.030
  [epoch 2] step 720/788 loss=0.082
  [epoch 2] step 730/788 loss=0.100
  [epoch 2] step 740/788 loss=0.023
  [epoch 2] step 750/788 loss=0.010
  [epoch 2] step 760/788 loss=0.006
  [epoch 2] step 770/788 loss=0.084
  [epoch 2] step 780/788 loss=0.026
  [epoch 3] step 10/788 loss=0.003
  [epoch 3] step 20/788 loss=0.026
  [epoch 3] step 30/788 loss=0.020
  [epoch 3] step 40/788 loss=0.008
  [epoch 3] step 50/788 loss=0.025
  [epoch 3] step 60/788 loss=0.023
  [epoch 3] step 70/788 loss=0.010
  [epoch 3] step 80/788 loss=0.016
  [epoch 3] step 90/788 loss=0.104
  [epoch 3] step 100/788 loss=0.043
  [epoch 3] step 110/788 loss=0.011
  [epoch 3] step 120/788 loss=0.010
  [epoch 3] step 130/788 loss=0.056
  [epoch 3] step 140/788 loss=0.016
  [epoch 3] step 150/788 loss=0.031
  [epoch 3] step 160/788 loss=0.020
  [epoch 3] step 170/788 loss=0.005
  [epoch 3] step 180/788 loss=0.019
  [epoch 3] step 190/788 loss=0.036
  [epoch 3] step 200/788 loss=0.015
  [epoch 3] step 210/788 loss=0.020
  [epoch 3] step 220/788 loss=0.008
  [epoch 3] step 230/788 loss=0.008
  [epoch 3] step 240/788 loss=0.010
  [epoch 3] step 250/788 loss=0.079
  [epoch 3] step 260/788 loss=0.008
  [epoch 3] step 270/788 loss=0.032
  [epoch 3] step 280/788 loss=0.016
  [epoch 3] step 290/788 loss=0.034
  [epoch 3] step 300/788 loss=0.050
  [epoch 3] step 310/788 loss=0.003
  [epoch 3] step 320/788 loss=0.039
  [epoch 3] step 330/788 loss=0.100
  [epoch 3] step 340/788 loss=0.018
  [epoch 3] step 350/788 loss=0.050
  [epoch 3] step 360/788 loss=0.028
  [epoch 3] step 370/788 loss=0.035
  [epoch 3] step 380/788 loss=0.024
  [epoch 3] step 390/788 loss=0.005
  [epoch 3] step 400/788 loss=0.013
  [epoch 3] step 410/788 loss=0.027
  [epoch 3] step 420/788 loss=0.017
  [epoch 3] step 430/788 loss=0.067
  [epoch 3] step 440/788 loss=0.031
  [epoch 3] step 450/788 loss=0.067
  [epoch 3] step 460/788 loss=0.062
  [epoch 3] step 470/788 loss=0.028
  [epoch 3] step 480/788 loss=0.004
  [epoch 3] step 490/788 loss=0.005
  [epoch 3] step 500/788 loss=0.020
  [epoch 3] step 510/788 loss=0.023
  [epoch 3] step 520/788 loss=0.003
  [epoch 3] step 530/788 loss=0.050
  [epoch 3] step 540/788 loss=0.023
