设备: cuda  fp16: True  帧缓存: data/frames_cache
标注视频数: 3634
划分: train=3634（训练标注） val=909（独立验证标注）
可训练参数: 120.3M
D:\videoquality\vqa\train_utils.py:44: FutureWarning: `torch.cuda.amp.GradScaler(args...)` is deprecated. Please use `torch.amp.GradScaler('cuda', args...)` instead.
  scaler = torch.cuda.amp.GradScaler(
  [epoch 1] step 10/909 loss=7.946
  [epoch 1] step 20/909 loss=5.109
  [epoch 1] step 30/909 loss=0.952
  [epoch 1] step 40/909 loss=0.174
  [epoch 1] step 50/909 loss=0.378
  [epoch 1] step 60/909 loss=0.343
  [epoch 1] step 70/909 loss=0.300
  [epoch 1] step 80/909 loss=0.344
  [epoch 1] step 90/909 loss=0.104
  [epoch 1] step 100/909 loss=0.051
  [epoch 1] step 110/909 loss=0.737
  [epoch 1] step 120/909 loss=0.645
  [epoch 1] step 130/909 loss=0.012
  [epoch 1] step 140/909 loss=0.091
  [epoch 1] step 150/909 loss=1.035
  [epoch 1] step 160/909 loss=0.166
  [epoch 1] step 170/909 loss=0.121
  [epoch 1] step 180/909 loss=0.271
  [epoch 1] step 190/909 loss=0.193
  [epoch 1] step 200/909 loss=0.248
  [epoch 1] step 210/909 loss=0.522
  [epoch 1] step 220/909 loss=0.617
  [epoch 1] step 230/909 loss=0.658
  [epoch 1] step 240/909 loss=0.100
  [epoch 1] step 250/909 loss=0.159
  [epoch 1] step 260/909 loss=0.316
  [epoch 1] step 270/909 loss=0.107
  [epoch 1] step 280/909 loss=0.530
  [epoch 1] step 290/909 loss=0.085
  [epoch 1] step 300/909 loss=0.025
  [epoch 1] step 310/909 loss=0.068
  [epoch 1] step 320/909 loss=0.146
  [epoch 1] step 330/909 loss=0.061
  [epoch 1] step 340/909 loss=0.231
  [epoch 1] step 350/909 loss=0.063
  [epoch 1] step 360/909 loss=0.309
  [epoch 1] step 370/909 loss=0.237
  [epoch 1] step 380/909 loss=0.274
  [epoch 1] step 390/909 loss=0.562
  [epoch 1] step 400/909 loss=0.037
  [epoch 1] step 410/909 loss=0.079
  [epoch 1] step 420/909 loss=0.545
  [epoch 1] step 430/909 loss=0.343
  [epoch 1] step 440/909 loss=0.203
  [epoch 1] step 450/909 loss=0.376
  [epoch 1] step 460/909 loss=0.420
  [epoch 1] step 470/909 loss=0.661
  [epoch 1] step 480/909 loss=0.238
  [epoch 1] step 490/909 loss=0.618
  [epoch 1] step 500/909 loss=0.443
  [epoch 1] step 510/909 loss=0.145
  [epoch 1] step 520/909 loss=0.062
  [epoch 1] step 530/909 loss=0.033
  [epoch 1] step 540/909 loss=0.036
  [epoch 1] step 550/909 loss=0.064
  [epoch 1] step 560/909 loss=0.120
  [epoch 1] step 570/909 loss=0.263
  [epoch 1] step 580/909 loss=0.150
  [epoch 1] step 590/909 loss=0.547
  [epoch 1] step 600/909 loss=0.087
  [epoch 1] step 610/909 loss=0.301
  [epoch 1] step 620/909 loss=0.174
  [epoch 1] step 630/909 loss=0.113
  [epoch 1] step 640/909 loss=0.373
  [epoch 1] step 650/909 loss=0.198
  [epoch 1] step 660/909 loss=0.101
  [epoch 1] step 670/909 loss=0.033
  [epoch 1] step 680/909 loss=0.070
  [epoch 1] step 690/909 loss=0.196
  [epoch 1] step 700/909 loss=0.163
  [epoch 1] step 710/909 loss=0.318
  [epoch 1] step 720/909 loss=0.043
  [epoch 1] step 730/909 loss=0.064
  [epoch 1] step 740/909 loss=0.180
  [epoch 1] step 750/909 loss=0.564
  [epoch 1] step 760/909 loss=0.087
  [epoch 1] step 770/909 loss=0.598
  [epoch 1] step 780/909 loss=0.042
  [epoch 1] step 790/909 loss=0.198
  [epoch 1] step 800/909 loss=1.245
  [epoch 1] step 810/909 loss=0.339
  [epoch 1] step 820/909 loss=0.175
  [epoch 1] step 830/909 loss=0.055
  [epoch 1] step 840/909 loss=0.129
  [epoch 1] step 850/909 loss=0.033
  [epoch 1] step 860/909 loss=0.376
  [epoch 1] step 870/909 loss=0.099
  [epoch 1] step 880/909 loss=0.024
  [epoch 1] step 890/909 loss=0.350
  [epoch 1] step 900/909 loss=0.271
[epoch 1/12] train_loss=0.603 val_loss=0.300  <- best, saved
  [epoch 2] step 10/909 loss=0.335
  [epoch 2] step 20/909 loss=0.132
  [epoch 2] step 30/909 loss=0.484
  [epoch 2] step 40/909 loss=0.217
  [epoch 2] step 50/909 loss=0.607
  [epoch 2] step 60/909 loss=1.042
  [epoch 2] step 70/909 loss=0.570
  [epoch 2] step 80/909 loss=0.069
  [epoch 2] step 90/909 loss=0.226
  [epoch 2] step 100/909 loss=0.137
  [epoch 2] step 110/909 loss=0.759
  [epoch 2] step 120/909 loss=0.053
  [epoch 2] step 130/909 loss=0.173
  [epoch 2] step 140/909 loss=0.058
  [epoch 2] step 150/909 loss=0.363
  [epoch 2] step 160/909 loss=0.386
  [epoch 2] step 170/909 loss=0.097
  [epoch 2] step 180/909 loss=0.075
  [epoch 2] step 190/909 loss=0.333
  [epoch 2] step 200/909 loss=0.084
  [epoch 2] step 210/909 loss=0.086
  [epoch 2] step 220/909 loss=0.153
  [epoch 2] step 230/909 loss=0.203
  [epoch 2] step 240/909 loss=0.034
  [epoch 2] step 250/909 loss=0.075
  [epoch 2] step 260/909 loss=0.160
  [epoch 2] step 270/909 loss=0.355
  [epoch 2] step 280/909 loss=0.020
  [epoch 2] step 290/909 loss=0.051
  [epoch 2] step 300/909 loss=0.109
  [epoch 2] step 310/909 loss=0.126
  [epoch 2] step 320/909 loss=0.045
  [epoch 2] step 330/909 loss=0.072
  [epoch 2] step 340/909 loss=0.018
  [epoch 2] step 350/909 loss=0.414
  [epoch 2] step 360/909 loss=0.027
  [epoch 2] step 370/909 loss=0.848
  [epoch 2] step 380/909 loss=0.144
  [epoch 2] step 390/909 loss=0.300
  [epoch 2] step 400/909 loss=0.178
  [epoch 2] step 410/909 loss=0.523
  [epoch 2] step 420/909 loss=0.246
  [epoch 2] step 430/909 loss=0.330
  [epoch 2] step 440/909 loss=0.025
  [epoch 2] step 450/909 loss=0.577
  [epoch 2] step 460/909 loss=0.470
  [epoch 2] step 470/909 loss=0.042
  [epoch 2] step 480/909 loss=0.217
  [epoch 2] step 490/909 loss=0.326
  [epoch 2] step 500/909 loss=0.153
  [epoch 2] step 510/909 loss=0.225
  [epoch 2] step 520/909 loss=0.114
  [epoch 2] step 530/909 loss=0.077
  [epoch 2] step 540/909 loss=0.543
  [epoch 2] step 550/909 loss=0.139
  [epoch 2] step 560/909 loss=0.166
  [epoch 2] step 570/909 loss=0.064
  [epoch 2] step 580/909 loss=0.127
  [epoch 2] step 590/909 loss=0.098
  [epoch 2] step 600/909 loss=0.290
  [epoch 2] step 610/909 loss=0.101
  [epoch 2] step 620/909 loss=0.380
  [epoch 2] step 630/909 loss=0.042
  [epoch 2] step 640/909 loss=0.052
  [epoch 2] step 650/909 loss=0.128
  [epoch 2] step 660/909 loss=0.135
  [epoch 2] step 670/909 loss=0.103
  [epoch 2] step 680/909 loss=0.006
  [epoch 2] step 690/909 loss=0.043
  [epoch 2] step 700/909 loss=0.329
  [epoch 2] step 710/909 loss=0.216
  [epoch 2] step 720/909 loss=0.176
  [epoch 2] step 730/909 loss=0.082
  [epoch 2] step 740/909 loss=0.045
  [epoch 2] step 750/909 loss=0.009
  [epoch 2] step 760/909 loss=0.176
  [epoch 2] step 770/909 loss=0.099
  [epoch 2] step 780/909 loss=0.284
  [epoch 2] step 790/909 loss=0.174
  [epoch 2] step 800/909 loss=0.173
  [epoch 2] step 810/909 loss=0.014
  [epoch 2] step 820/909 loss=0.203
  [epoch 2] step 830/909 loss=0.337
  [epoch 2] step 840/909 loss=0.081
  [epoch 2] step 850/909 loss=0.095
  [epoch 2] step 860/909 loss=0.326
  [epoch 2] step 870/909 loss=0.180
  [epoch 2] step 880/909 loss=0.226
  [epoch 2] step 890/909 loss=0.148
  [epoch 2] step 900/909 loss=0.159
[epoch 2/12] train_loss=0.188 val_loss=0.243  <- best, saved
  [epoch 3] step 10/909 loss=0.078
  [epoch 3] step 20/909 loss=0.079
  [epoch 3] step 30/909 loss=0.286
  [epoch 3] step 40/909 loss=0.115
  [epoch 3] step 50/909 loss=0.067
  [epoch 3] step 60/909 loss=0.014
  [epoch 3] step 70/909 loss=0.206
  [epoch 3] step 80/909 loss=0.005
  [epoch 3] step 90/909 loss=0.086
  [epoch 3] step 100/909 loss=0.119
  [epoch 3] step 110/909 loss=0.166
  [epoch 3] step 120/909 loss=0.317
  [epoch 3] step 130/909 loss=0.042
  [epoch 3] step 140/909 loss=0.181
  [epoch 3] step 150/909 loss=0.199
  [epoch 3] step 160/909 loss=0.125
  [epoch 3] step 170/909 loss=0.015
  [epoch 3] step 180/909 loss=0.149
  [epoch 3] step 190/909 loss=0.428
  [epoch 3] step 200/909 loss=0.095
  [epoch 3] step 210/909 loss=0.068
  [epoch 3] step 220/909 loss=0.068
  [epoch 3] step 230/909 loss=0.226
  [epoch 3] step 240/909 loss=0.134
  [epoch 3] step 250/909 loss=0.100
  [epoch 3] step 260/909 loss=0.413
  [epoch 3] step 270/909 loss=0.278
  [epoch 3] step 280/909 loss=0.052
  [epoch 3] step 290/909 loss=0.139
  [epoch 3] step 300/909 loss=0.189
  [epoch 3] step 310/909 loss=0.089
  [epoch 3] step 320/909 loss=0.306
  [epoch 3] step 330/909 loss=0.020
  [epoch 3] step 340/909 loss=0.098
  [epoch 3] step 350/909 loss=0.088
  [epoch 3] step 360/909 loss=0.049
  [epoch 3] step 370/909 loss=0.163
  [epoch 3] step 380/909 loss=0.044
  [epoch 3] step 390/909 loss=0.131
  [epoch 3] step 400/909 loss=0.141
  [epoch 3] step 410/909 loss=0.053
  [epoch 3] step 420/909 loss=0.073
  [epoch 3] step 430/909 loss=0.087
  [epoch 3] step 440/909 loss=0.039
  [epoch 3] step 450/909 loss=0.157
  [epoch 3] step 460/909 loss=0.021
  [epoch 3] step 470/909 loss=0.127
  [epoch 3] step 480/909 loss=0.141
  [epoch 3] step 490/909 loss=0.290
  [epoch 3] step 500/909 loss=0.176
  [epoch 3] step 510/909 loss=0.012
  [epoch 3] step 520/909 loss=0.145
  [epoch 3] step 530/909 loss=0.191
  [epoch 3] step 540/909 loss=0.185
  [epoch 3] step 550/909 loss=0.181
  [epoch 3] step 560/909 loss=0.173
  [epoch 3] step 570/909 loss=0.080
  [epoch 3] step 580/909 loss=0.037
  [epoch 3] step 590/909 loss=0.187
  [epoch 3] step 600/909 loss=0.093
  [epoch 3] step 610/909 loss=0.039
  [epoch 3] step 620/909 loss=0.145
  [epoch 3] step 630/909 loss=0.046
  [epoch 3] step 640/909 loss=0.106
  [epoch 3] step 650/909 loss=0.143
  [epoch 3] step 660/909 loss=0.043
  [epoch 3] step 670/909 loss=0.014
  [epoch 3] step 680/909 loss=0.082
  [epoch 3] step 690/909 loss=0.021
  [epoch 3] step 700/909 loss=0.112
  [epoch 3] step 710/909 loss=0.199
  [epoch 3] step 720/909 loss=0.696
  [epoch 3] step 730/909 loss=0.078
  [epoch 3] step 740/909 loss=0.120
  [epoch 3] step 750/909 loss=0.242
  [epoch 3] step 760/909 loss=0.296
  [epoch 3] step 770/909 loss=0.416
  [epoch 3] step 780/909 loss=0.075
  [epoch 3] step 790/909 loss=0.026
  [epoch 3] step 800/909 loss=0.610
  [epoch 3] step 810/909 loss=0.071
  [epoch 3] step 820/909 loss=0.019
  [epoch 3] step 830/909 loss=0.128
  [epoch 3] step 840/909 loss=0.049
  [epoch 3] step 850/909 loss=0.067
  [epoch 3] step 860/909 loss=0.101
  [epoch 3] step 870/909 loss=0.091
  [epoch 3] step 880/909 loss=0.151
  [epoch 3] step 890/909 loss=0.026
  [epoch 3] step 900/909 loss=0.104
[epoch 3/12] train_loss=0.141 val_loss=0.175  <- best, saved
  [epoch 4] step 10/909 loss=0.082
  [epoch 4] step 20/909 loss=0.052
  [epoch 4] step 30/909 loss=0.169
  [epoch 4] step 40/909 loss=0.055
  [epoch 4] step 50/909 loss=0.127
  [epoch 4] step 60/909 loss=0.105
  [epoch 4] step 70/909 loss=0.045
  [epoch 4] step 80/909 loss=0.019
  [epoch 4] step 90/909 loss=0.191
  [epoch 4] step 100/909 loss=0.037
  [epoch 4] step 110/909 loss=0.088
  [epoch 4] step 120/909 loss=0.041
  [epoch 4] step 130/909 loss=0.062
  [epoch 4] step 140/909 loss=0.077
  [epoch 4] step 150/909 loss=0.018
  [epoch 4] step 160/909 loss=0.290
  [epoch 4] step 170/909 loss=0.037
  [epoch 4] step 180/909 loss=0.053
  [epoch 4] step 190/909 loss=0.087
  [epoch 4] step 200/909 loss=0.031
  [epoch 4] step 210/909 loss=0.156
  [epoch 4] step 220/909 loss=0.137
  [epoch 4] step 230/909 loss=0.207
  [epoch 4] step 240/909 loss=0.118
  [epoch 4] step 250/909 loss=0.159
  [epoch 4] step 260/909 loss=0.116
  [epoch 4] step 270/909 loss=0.081
  [epoch 4] step 280/909 loss=0.275
  [epoch 4] step 290/909 loss=0.161
  [epoch 4] step 300/909 loss=0.080
  [epoch 4] step 310/909 loss=0.138
  [epoch 4] step 320/909 loss=0.046
  [epoch 4] step 330/909 loss=0.062
  [epoch 4] step 340/909 loss=0.033
  [epoch 4] step 350/909 loss=0.043
  [epoch 4] step 360/909 loss=0.131
  [epoch 4] step 370/909 loss=0.040
  [epoch 4] step 380/909 loss=0.058
  [epoch 4] step 390/909 loss=0.113
  [epoch 4] step 400/909 loss=0.162
  [epoch 4] step 410/909 loss=0.115
  [epoch 4] step 420/909 loss=0.101
  [epoch 4] step 430/909 loss=0.068
  [epoch 4] step 440/909 loss=0.127
  [epoch 4] step 450/909 loss=0.064
  [epoch 4] step 460/909 loss=0.059
  [epoch 4] step 470/909 loss=0.044
  [epoch 4] step 480/909 loss=0.119
  [epoch 4] step 490/909 loss=0.073
  [epoch 4] step 500/909 loss=0.105
  [epoch 4] step 510/909 loss=0.074
  [epoch 4] step 520/909 loss=0.087
  [epoch 4] step 530/909 loss=0.181
  [epoch 4] step 540/909 loss=0.076
  [epoch 4] step 550/909 loss=0.089
  [epoch 4] step 560/909 loss=0.083
  [epoch 4] step 570/909 loss=0.041
  [epoch 4] step 580/909 loss=0.089
  [epoch 4] step 590/909 loss=0.061
  [epoch 4] step 600/909 loss=0.180
  [epoch 4] step 610/909 loss=0.115
  [epoch 4] step 620/909 loss=0.052
  [epoch 4] step 630/909 loss=0.177
  [epoch 4] step 640/909 loss=0.030
  [epoch 4] step 650/909 loss=0.059
  [epoch 4] step 660/909 loss=0.051
  [epoch 4] step 670/909 loss=0.179
  [epoch 4] step 680/909 loss=0.092
  [epoch 4] step 690/909 loss=0.127
  [epoch 4] step 700/909 loss=0.419
  [epoch 4] step 710/909 loss=0.055
  [epoch 4] step 720/909 loss=0.146
  [epoch 4] step 730/909 loss=0.026
  [epoch 4] step 740/909 loss=0.309
  [epoch 4] step 750/909 loss=0.170
  [epoch 4] step 760/909 loss=0.088
  [epoch 4] step 770/909 loss=0.151
  [epoch 4] step 780/909 loss=0.076
  [epoch 4] step 790/909 loss=0.040
  [epoch 4] step 800/909 loss=0.341
  [epoch 4] step 810/909 loss=0.235
  [epoch 4] step 820/909 loss=0.008
  [epoch 4] step 830/909 loss=0.060
  [epoch 4] step 840/909 loss=0.065
  [epoch 4] step 850/909 loss=0.032
  [epoch 4] step 860/909 loss=0.363
  [epoch 4] step 870/909 loss=0.049
  [epoch 4] step 880/909 loss=0.103
  [epoch 4] step 890/909 loss=0.109
  [epoch 4] step 900/909 loss=0.061
[epoch 4/12] train_loss=0.101 val_loss=0.170  <- best, saved
  [epoch 5] step 10/909 loss=0.024
  [epoch 5] step 20/909 loss=0.012
  [epoch 5] step 30/909 loss=0.014
  [epoch 5] step 40/909 loss=0.132
  [epoch 5] step 50/909 loss=0.174
  [epoch 5] step 60/909 loss=0.220
  [epoch 5] step 70/909 loss=0.051
  [epoch 5] step 80/909 loss=0.179
  [epoch 5] step 90/909 loss=0.075
  [epoch 5] step 100/909 loss=0.045
  [epoch 5] step 110/909 loss=0.178
  [epoch 5] step 120/909 loss=0.140
  [epoch 5] step 130/909 loss=0.039
  [epoch 5] step 140/909 loss=0.112
  [epoch 5] step 150/909 loss=0.165
  [epoch 5] step 160/909 loss=0.125
  [epoch 5] step 170/909 loss=0.193
  [epoch 5] step 180/909 loss=0.142
  [epoch 5] step 190/909 loss=0.151
  [epoch 5] step 200/909 loss=0.053
  [epoch 5] step 210/909 loss=0.028
  [epoch 5] step 220/909 loss=0.035
  [epoch 5] step 230/909 loss=0.095
  [epoch 5] step 240/909 loss=0.091
  [epoch 5] step 250/909 loss=0.055
  [epoch 5] step 260/909 loss=0.036
  [epoch 5] step 270/909 loss=0.056
  [epoch 5] step 280/909 loss=0.229
  [epoch 5] step 290/909 loss=0.003
  [epoch 5] step 300/909 loss=0.125
  [epoch 5] step 310/909 loss=0.004
  [epoch 5] step 320/909 loss=0.071
  [epoch 5] step 330/909 loss=0.089
  [epoch 5] step 340/909 loss=0.083
  [epoch 5] step 350/909 loss=0.031
  [epoch 5] step 360/909 loss=0.220
  [epoch 5] step 370/909 loss=0.015
  [epoch 5] step 380/909 loss=0.062
  [epoch 5] step 390/909 loss=0.145
  [epoch 5] step 400/909 loss=0.038
  [epoch 5] step 410/909 loss=0.134
  [epoch 5] step 420/909 loss=0.067
  [epoch 5] step 430/909 loss=0.074
  [epoch 5] step 440/909 loss=0.060
  [epoch 5] step 450/909 loss=0.047
  [epoch 5] step 460/909 loss=0.040
  [epoch 5] step 470/909 loss=0.054
  [epoch 5] step 480/909 loss=0.018
  [epoch 5] step 490/909 loss=0.095
  [epoch 5] step 500/909 loss=0.051
  [epoch 5] step 510/909 loss=0.137
  [epoch 5] step 520/909 loss=0.033
  [epoch 5] step 530/909 loss=0.062
  [epoch 5] step 540/909 loss=0.087
  [epoch 5] step 550/909 loss=0.143
  [epoch 5] step 560/909 loss=0.041
  [epoch 5] step 570/909 loss=0.098
  [epoch 5] step 580/909 loss=0.118
  [epoch 5] step 590/909 loss=0.138
  [epoch 5] step 600/909 loss=0.065
  [epoch 5] step 610/909 loss=0.030
  [epoch 5] step 620/909 loss=0.091
  [epoch 5] step 630/909 loss=0.088
  [epoch 5] step 640/909 loss=0.064
  [epoch 5] step 650/909 loss=0.154
  [epoch 5] step 660/909 loss=0.138
  [epoch 5] step 670/909 loss=0.056
  [epoch 5] step 680/909 loss=0.037
  [epoch 5] step 690/909 loss=0.065
  [epoch 5] step 700/909 loss=0.089
  [epoch 5] step 710/909 loss=0.026
  [epoch 5] step 720/909 loss=0.028
  [epoch 5] step 730/909 loss=0.050
  [epoch 5] step 740/909 loss=0.115
  [epoch 5] step 750/909 loss=0.065
  [epoch 5] step 760/909 loss=0.070
  [epoch 5] step 770/909 loss=0.219
  [epoch 5] step 780/909 loss=0.028
  [epoch 5] step 790/909 loss=0.192
  [epoch 5] step 800/909 loss=0.015
  [epoch 5] step 810/909 loss=0.093
  [epoch 5] step 820/909 loss=0.131
  [epoch 5] step 830/909 loss=0.234
  [epoch 5] step 840/909 loss=0.031
  [epoch 5] step 850/909 loss=0.189
  [epoch 5] step 860/909 loss=0.052
  [epoch 5] step 870/909 loss=0.051
  [epoch 5] step 880/909 loss=0.234
  [epoch 5] step 890/909 loss=0.132
  [epoch 5] step 900/909 loss=0.140
[epoch 5/12] train_loss=0.085 val_loss=0.200
  [epoch 6] step 10/909 loss=0.038
  [epoch 6] step 20/909 loss=0.117
  [epoch 6] step 30/909 loss=0.189
  [epoch 6] step 40/909 loss=0.081
  [epoch 6] step 50/909 loss=0.073
  [epoch 6] step 60/909 loss=0.038
  [epoch 6] step 70/909 loss=0.034
  [epoch 6] step 80/909 loss=0.031
  [epoch 6] step 90/909 loss=0.135
  [epoch 6] step 100/909 loss=0.140
  [epoch 6] step 110/909 loss=0.089
  [epoch 6] step 120/909 loss=0.046
  [epoch 6] step 130/909 loss=0.027
  [epoch 6] step 140/909 loss=0.132
  [epoch 6] step 150/909 loss=0.055
  [epoch 6] step 160/909 loss=0.269
  [epoch 6] step 170/909 loss=0.053
  [epoch 6] step 180/909 loss=0.091
  [epoch 6] step 190/909 loss=0.008
  [epoch 6] step 200/909 loss=0.102
  [epoch 6] step 210/909 loss=0.104
  [epoch 6] step 220/909 loss=0.041
  [epoch 6] step 230/909 loss=0.108
  [epoch 6] step 240/909 loss=0.049
  [epoch 6] step 250/909 loss=0.022
  [epoch 6] step 260/909 loss=0.113
  [epoch 6] step 270/909 loss=0.034
  [epoch 6] step 280/909 loss=0.052
  [epoch 6] step 290/909 loss=0.080
  [epoch 6] step 300/909 loss=0.085
  [epoch 6] step 310/909 loss=0.045
  [epoch 6] step 320/909 loss=0.042
  [epoch 6] step 330/909 loss=0.052
  [epoch 6] step 340/909 loss=0.042
  [epoch 6] step 350/909 loss=0.062
  [epoch 6] step 360/909 loss=0.069
  [epoch 6] step 370/909 loss=0.083
  [epoch 6] step 380/909 loss=0.049
  [epoch 6] step 390/909 loss=0.016
  [epoch 6] step 400/909 loss=0.025
  [epoch 6] step 410/909 loss=0.035
  [epoch 6] step 420/909 loss=0.127
  [epoch 6] step 430/909 loss=0.062
  [epoch 6] step 440/909 loss=0.166
  [epoch 6] step 450/909 loss=0.084
  [epoch 6] step 460/909 loss=0.078
  [epoch 6] step 470/909 loss=0.130
  [epoch 6] step 480/909 loss=0.052
  [epoch 6] step 490/909 loss=0.006
  [epoch 6] step 500/909 loss=0.138
  [epoch 6] step 510/909 loss=0.071
  [epoch 6] step 520/909 loss=0.048
  [epoch 6] step 530/909 loss=0.109
  [epoch 6] step 540/909 loss=0.025
  [epoch 6] step 550/909 loss=0.049
  [epoch 6] step 560/909 loss=0.042
  [epoch 6] step 570/909 loss=0.063
  [epoch 6] step 580/909 loss=0.050
  [epoch 6] step 590/909 loss=0.025
  [epoch 6] step 600/909 loss=0.086
  [epoch 6] step 610/909 loss=0.061
  [epoch 6] step 620/909 loss=0.143
  [epoch 6] step 630/909 loss=0.016
  [epoch 6] step 640/909 loss=0.076
  [epoch 6] step 650/909 loss=0.063
  [epoch 6] step 660/909 loss=0.245
  [epoch 6] step 670/909 loss=0.206
  [epoch 6] step 680/909 loss=0.077
  [epoch 6] step 690/909 loss=0.023
  [epoch 6] step 700/909 loss=0.025
  [epoch 6] step 710/909 loss=0.063
  [epoch 6] step 720/909 loss=0.045
  [epoch 6] step 730/909 loss=0.004
  [epoch 6] step 740/909 loss=0.103
  [epoch 6] step 750/909 loss=0.070
  [epoch 6] step 760/909 loss=0.063
  [epoch 6] step 770/909 loss=0.055
  [epoch 6] step 780/909 loss=0.038
  [epoch 6] step 790/909 loss=0.034
  [epoch 6] step 800/909 loss=0.043
  [epoch 6] step 810/909 loss=0.056
  [epoch 6] step 820/909 loss=0.152
  [epoch 6] step 830/909 loss=0.011
  [epoch 6] step 840/909 loss=0.089
  [epoch 6] step 850/909 loss=0.173
  [epoch 6] step 860/909 loss=0.051
  [epoch 6] step 870/909 loss=0.016
  [epoch 6] step 880/909 loss=0.023
  [epoch 6] step 890/909 loss=0.107
  [epoch 6] step 900/909 loss=0.067
[epoch 6/12] train_loss=0.076 val_loss=0.242
  [epoch 7] step 10/909 loss=0.101
  [epoch 7] step 20/909 loss=0.067
  [epoch 7] step 30/909 loss=0.130
  [epoch 7] step 40/909 loss=0.074
  [epoch 7] step 50/909 loss=0.037
  [epoch 7] step 60/909 loss=0.019
  [epoch 7] step 70/909 loss=0.039
  [epoch 7] step 80/909 loss=0.092
  [epoch 7] step 90/909 loss=0.077
  [epoch 7] step 100/909 loss=0.029
  [epoch 7] step 110/909 loss=0.032
  [epoch 7] step 120/909 loss=0.082
  [epoch 7] step 130/909 loss=0.026
  [epoch 7] step 140/909 loss=0.053
  [epoch 7] step 150/909 loss=0.053
  [epoch 7] step 160/909 loss=0.043
  [epoch 7] step 170/909 loss=0.014
  [epoch 7] step 180/909 loss=0.101
  [epoch 7] step 190/909 loss=0.100
  [epoch 7] step 200/909 loss=0.043
  [epoch 7] step 210/909 loss=0.042
  [epoch 7] step 220/909 loss=0.060
  [epoch 7] step 230/909 loss=0.318
  [epoch 7] step 240/909 loss=0.023
  [epoch 7] step 250/909 loss=0.022
  [epoch 7] step 260/909 loss=0.028
  [epoch 7] step 270/909 loss=0.077
  [epoch 7] step 280/909 loss=0.044
  [epoch 7] step 290/909 loss=0.084
  [epoch 7] step 300/909 loss=0.042
  [epoch 7] step 310/909 loss=0.062
  [epoch 7] step 320/909 loss=0.139
  [epoch 7] step 330/909 loss=0.065
  [epoch 7] step 340/909 loss=0.070
  [epoch 7] step 350/909 loss=0.042
  [epoch 7] step 360/909 loss=0.019
  [epoch 7] step 370/909 loss=0.024
  [epoch 7] step 380/909 loss=0.148
  [epoch 7] step 390/909 loss=0.084
  [epoch 7] step 400/909 loss=0.076
  [epoch 7] step 410/909 loss=0.001
  [epoch 7] step 420/909 loss=0.049
  [epoch 7] step 430/909 loss=0.062
  [epoch 7] step 440/909 loss=0.014
  [epoch 7] step 450/909 loss=0.011
  [epoch 7] step 460/909 loss=0.029
  [epoch 7] step 470/909 loss=0.008
  [epoch 7] step 480/909 loss=0.089
  [epoch 7] step 490/909 loss=0.051
  [epoch 7] step 500/909 loss=0.015
  [epoch 7] step 510/909 loss=0.010
  [epoch 7] step 520/909 loss=0.031
  [epoch 7] step 530/909 loss=0.064
  [epoch 7] step 540/909 loss=0.032
  [epoch 7] step 550/909 loss=0.018
  [epoch 7] step 560/909 loss=0.093
  [epoch 7] step 570/909 loss=0.099
  [epoch 7] step 580/909 loss=0.051
  [epoch 7] step 590/909 loss=0.053
  [epoch 7] step 600/909 loss=0.059
  [epoch 7] step 610/909 loss=0.121
  [epoch 7] step 620/909 loss=0.320
  [epoch 7] step 630/909 loss=0.170
  [epoch 7] step 640/909 loss=0.052
  [epoch 7] step 650/909 loss=0.034
  [epoch 7] step 660/909 loss=0.020
  [epoch 7] step 670/909 loss=0.023
  [epoch 7] step 680/909 loss=0.183
  [epoch 7] step 690/909 loss=0.044
  [epoch 7] step 700/909 loss=0.100
  [epoch 7] step 710/909 loss=0.153
  [epoch 7] step 720/909 loss=0.049
  [epoch 7] step 730/909 loss=0.097
  [epoch 7] step 740/909 loss=0.009
  [epoch 7] step 750/909 loss=0.358
  [epoch 7] step 760/909 loss=0.020
  [epoch 7] step 770/909 loss=0.033
  [epoch 7] step 780/909 loss=0.031
  [epoch 7] step 790/909 loss=0.041
  [epoch 7] step 800/909 loss=0.063
  [epoch 7] step 810/909 loss=0.023
  [epoch 7] step 820/909 loss=0.102
  [epoch 7] step 830/909 loss=0.032
  [epoch 7] step 840/909 loss=0.020
  [epoch 7] step 850/909 loss=0.150
  [epoch 7] step 860/909 loss=0.030
  [epoch 7] step 870/909 loss=0.030
  [epoch 7] step 880/909 loss=0.009
  [epoch 7] step 890/909 loss=0.123
  [epoch 7] step 900/909 loss=0.023
[epoch 7/12] train_loss=0.063 val_loss=0.195
  [epoch 8] step 10/909 loss=0.133
  [epoch 8] step 20/909 loss=0.104
  [epoch 8] step 30/909 loss=0.078
  [epoch 8] step 40/909 loss=0.152
  [epoch 8] step 50/909 loss=0.043
  [epoch 8] step 60/909 loss=0.011
  [epoch 8] step 70/909 loss=0.014
  [epoch 8] step 80/909 loss=0.029
  [epoch 8] step 90/909 loss=0.180
  [epoch 8] step 100/909 loss=0.037
  [epoch 8] step 110/909 loss=0.027
  [epoch 8] step 120/909 loss=0.030
  [epoch 8] step 130/909 loss=0.297
  [epoch 8] step 140/909 loss=0.086
  [epoch 8] step 150/909 loss=0.044
  [epoch 8] step 160/909 loss=0.044
  [epoch 8] step 170/909 loss=0.043
  [epoch 8] step 180/909 loss=0.021
  [epoch 8] step 190/909 loss=0.031
  [epoch 8] step 200/909 loss=0.103
  [epoch 8] step 210/909 loss=0.054
  [epoch 8] step 220/909 loss=0.062
  [epoch 8] step 230/909 loss=0.148
  [epoch 8] step 240/909 loss=0.060
  [epoch 8] step 250/909 loss=0.023
  [epoch 8] step 260/909 loss=0.015
  [epoch 8] step 270/909 loss=0.081
  [epoch 8] step 280/909 loss=0.048
  [epoch 8] step 290/909 loss=0.021
  [epoch 8] step 300/909 loss=0.062
  [epoch 8] step 310/909 loss=0.030
  [epoch 8] step 320/909 loss=0.036
  [epoch 8] step 330/909 loss=0.014
  [epoch 8] step 340/909 loss=0.058
  [epoch 8] step 350/909 loss=0.049
  [epoch 8] step 360/909 loss=0.029
  [epoch 8] step 370/909 loss=0.117
  [epoch 8] step 380/909 loss=0.026
  [epoch 8] step 390/909 loss=0.094
  [epoch 8] step 400/909 loss=0.098
  [epoch 8] step 410/909 loss=0.025
  [epoch 8] step 420/909 loss=0.104
  [epoch 8] step 430/909 loss=0.019
  [epoch 8] step 440/909 loss=0.140
  [epoch 8] step 450/909 loss=0.024
  [epoch 8] step 460/909 loss=0.055
  [epoch 8] step 470/909 loss=0.060
  [epoch 8] step 480/909 loss=0.024
  [epoch 8] step 490/909 loss=0.070
  [epoch 8] step 500/909 loss=0.028
  [epoch 8] step 510/909 loss=0.062
  [epoch 8] step 520/909 loss=0.106
  [epoch 8] step 530/909 loss=0.040
  [epoch 8] step 540/909 loss=0.104
  [epoch 8] step 550/909 loss=0.018
  [epoch 8] step 560/909 loss=0.020
  [epoch 8] step 570/909 loss=0.029
  [epoch 8] step 580/909 loss=0.122
  [epoch 8] step 590/909 loss=0.124
  [epoch 8] step 600/909 loss=0.202
  [epoch 8] step 610/909 loss=0.026
  [epoch 8] step 620/909 loss=0.013
  [epoch 8] step 630/909 loss=0.026
  [epoch 8] step 640/909 loss=0.020
  [epoch 8] step 650/909 loss=0.051
  [epoch 8] step 660/909 loss=0.138
  [epoch 8] step 670/909 loss=0.158
  [epoch 8] step 680/909 loss=0.075
  [epoch 8] step 690/909 loss=0.047
  [epoch 8] step 700/909 loss=0.056
  [epoch 8] step 710/909 loss=0.035
  [epoch 8] step 720/909 loss=0.014
  [epoch 8] step 730/909 loss=0.014
  [epoch 8] step 740/909 loss=0.035
  [epoch 8] step 750/909 loss=0.007
  [epoch 8] step 760/909 loss=0.041
  [epoch 8] step 770/909 loss=0.011
  [epoch 8] step 780/909 loss=0.030
  [epoch 8] step 790/909 loss=0.201
  [epoch 8] step 800/909 loss=0.011
  [epoch 8] step 810/909 loss=0.349
  [epoch 8] step 820/909 loss=0.043
  [epoch 8] step 830/909 loss=0.075
  [epoch 8] step 840/909 loss=0.137
  [epoch 8] step 850/909 loss=0.014
  [epoch 8] step 860/909 loss=0.118
  [epoch 8] step 870/909 loss=0.119
  [epoch 8] step 880/909 loss=0.015
  [epoch 8] step 890/909 loss=0.063
  [epoch 8] step 900/909 loss=0.081
[epoch 8/12] train_loss=0.056 val_loss=0.186
  [epoch 9] step 10/909 loss=0.048
  [epoch 9] step 20/909 loss=0.043
  [epoch 9] step 30/909 loss=0.091
  [epoch 9] step 40/909 loss=0.053
  [epoch 9] step 50/909 loss=0.026
  [epoch 9] step 60/909 loss=0.012
  [epoch 9] step 70/909 loss=0.084
  [epoch 9] step 80/909 loss=0.014
  [epoch 9] step 90/909 loss=0.110
  [epoch 9] step 100/909 loss=0.033
  [epoch 9] step 110/909 loss=0.034
  [epoch 9] step 120/909 loss=0.016
  [epoch 9] step 130/909 loss=0.036
  [epoch 9] step 140/909 loss=0.182
  [epoch 9] step 150/909 loss=0.055
  [epoch 9] step 160/909 loss=0.011
  [epoch 9] step 170/909 loss=0.078
  [epoch 9] step 180/909 loss=0.010
  [epoch 9] step 190/909 loss=0.053
  [epoch 9] step 200/909 loss=0.013
  [epoch 9] step 210/909 loss=0.027
  [epoch 9] step 220/909 loss=0.050
  [epoch 9] step 230/909 loss=0.069
  [epoch 9] step 240/909 loss=0.011
  [epoch 9] step 250/909 loss=0.052
  [epoch 9] step 260/909 loss=0.110
  [epoch 9] step 270/909 loss=0.134
  [epoch 9] step 280/909 loss=0.002
  [epoch 9] step 290/909 loss=0.072
  [epoch 9] step 300/909 loss=0.059
  [epoch 9] step 310/909 loss=0.083
  [epoch 9] step 320/909 loss=0.052
  [epoch 9] step 330/909 loss=0.039
  [epoch 9] step 340/909 loss=0.154
  [epoch 9] step 350/909 loss=0.033
  [epoch 9] step 360/909 loss=0.020
  [epoch 9] step 370/909 loss=0.077
  [epoch 9] step 380/909 loss=0.051
  [epoch 9] step 390/909 loss=0.034
  [epoch 9] step 400/909 loss=0.052
  [epoch 9] step 410/909 loss=0.008
  [epoch 9] step 420/909 loss=0.070
  [epoch 9] step 430/909 loss=0.057
  [epoch 9] step 440/909 loss=0.006
  [epoch 9] step 450/909 loss=0.023
  [epoch 9] step 460/909 loss=0.057
  [epoch 9] step 470/909 loss=0.112
  [epoch 9] step 480/909 loss=0.076
  [epoch 9] step 490/909 loss=0.040
  [epoch 9] step 500/909 loss=0.020
  [epoch 9] step 510/909 loss=0.019
  [epoch 9] step 520/909 loss=0.014
  [epoch 9] step 530/909 loss=0.017
  [epoch 9] step 540/909 loss=0.042
  [epoch 9] step 550/909 loss=0.015
  [epoch 9] step 560/909 loss=0.062
  [epoch 9] step 570/909 loss=0.076
  [epoch 9] step 580/909 loss=0.087
  [epoch 9] step 590/909 loss=0.043
  [epoch 9] step 600/909 loss=0.130
  [epoch 9] step 610/909 loss=0.029
  [epoch 9] step 620/909 loss=0.015
  [epoch 9] step 630/909 loss=0.054
  [epoch 9] step 640/909 loss=0.016
  [epoch 9] step 650/909 loss=0.103
  [epoch 9] step 660/909 loss=0.022
  [epoch 9] step 670/909 loss=0.062
  [epoch 9] step 680/909 loss=0.021
  [epoch 9] step 690/909 loss=0.009
  [epoch 9] step 700/909 loss=0.048
  [epoch 9] step 710/909 loss=0.009
  [epoch 9] step 720/909 loss=0.061
  [epoch 9] step 730/909 loss=0.027
  [epoch 9] step 740/909 loss=0.060
  [epoch 9] step 750/909 loss=0.153
  [epoch 9] step 760/909 loss=0.115
  [epoch 9] step 770/909 loss=0.042
  [epoch 9] step 780/909 loss=0.005
  [epoch 9] step 790/909 loss=0.039
  [epoch 9] step 800/909 loss=0.043
  [epoch 9] step 810/909 loss=0.026
  [epoch 9] step 820/909 loss=0.039
  [epoch 9] step 830/909 loss=0.013
  [epoch 9] step 840/909 loss=0.080
  [epoch 9] step 850/909 loss=0.020
  [epoch 9] step 860/909 loss=0.061
  [epoch 9] step 870/909 loss=0.039
  [epoch 9] step 880/909 loss=0.000
  [epoch 9] step 890/909 loss=0.076
  [epoch 9] step 900/909 loss=0.071
[epoch 9/12] train_loss=0.050 val_loss=0.210
  [epoch 10] step 10/909 loss=0.006
  [epoch 10] step 20/909 loss=0.047
  [epoch 10] step 30/909 loss=0.085
  [epoch 10] step 40/909 loss=0.111
  [epoch 10] step 50/909 loss=0.027
  [epoch 10] step 60/909 loss=0.021
  [epoch 10] step 70/909 loss=0.032
  [epoch 10] step 80/909 loss=0.005
  [epoch 10] step 90/909 loss=0.032
  [epoch 10] step 100/909 loss=0.017
  [epoch 10] step 110/909 loss=0.012
  [epoch 10] step 120/909 loss=0.035
  [epoch 10] step 130/909 loss=0.022
  [epoch 10] step 140/909 loss=0.011
  [epoch 10] step 150/909 loss=0.063
  [epoch 10] step 160/909 loss=0.018
  [epoch 10] step 170/909 loss=0.039
  [epoch 10] step 180/909 loss=0.016
  [epoch 10] step 190/909 loss=0.011
  [epoch 10] step 200/909 loss=0.041
  [epoch 10] step 210/909 loss=0.037
  [epoch 10] step 220/909 loss=0.012
  [epoch 10] step 230/909 loss=0.058
  [epoch 10] step 240/909 loss=0.049
  [epoch 10] step 250/909 loss=0.057
  [epoch 10] step 260/909 loss=0.018
  [epoch 10] step 270/909 loss=0.021
  [epoch 10] step 280/909 loss=0.008
  [epoch 10] step 290/909 loss=0.033
  [epoch 10] step 300/909 loss=0.038
  [epoch 10] step 310/909 loss=0.019
  [epoch 10] step 320/909 loss=0.025
  [epoch 10] step 330/909 loss=0.049
  [epoch 10] step 340/909 loss=0.038
  [epoch 10] step 350/909 loss=0.057
  [epoch 10] step 360/909 loss=0.055
  [epoch 10] step 370/909 loss=0.014
  [epoch 10] step 380/909 loss=0.035
  [epoch 10] step 390/909 loss=0.136
  [epoch 10] step 400/909 loss=0.056
  [epoch 10] step 410/909 loss=0.014
  [epoch 10] step 420/909 loss=0.028
  [epoch 10] step 430/909 loss=0.059
  [epoch 10] step 440/909 loss=0.025
  [epoch 10] step 450/909 loss=0.015
  [epoch 10] step 460/909 loss=0.034
  [epoch 10] step 470/909 loss=0.029
  [epoch 10] step 480/909 loss=0.063
  [epoch 10] step 490/909 loss=0.027
  [epoch 10] step 500/909 loss=0.017
  [epoch 10] step 510/909 loss=0.087
  [epoch 10] step 520/909 loss=0.037
  [epoch 10] step 530/909 loss=0.055
  [epoch 10] step 540/909 loss=0.095
  [epoch 10] step 550/909 loss=0.007
  [epoch 10] step 560/909 loss=0.127
  [epoch 10] step 570/909 loss=0.014
  [epoch 10] step 580/909 loss=0.048
  [epoch 10] step 590/909 loss=0.030
  [epoch 10] step 600/909 loss=0.027
  [epoch 10] step 610/909 loss=0.077
  [epoch 10] step 620/909 loss=0.045
  [epoch 10] step 630/909 loss=0.060
  [epoch 10] step 640/909 loss=0.016
  [epoch 10] step 650/909 loss=0.037
  [epoch 10] step 660/909 loss=0.022
  [epoch 10] step 670/909 loss=0.010
  [epoch 10] step 680/909 loss=0.010
  [epoch 10] step 690/909 loss=0.017
  [epoch 10] step 700/909 loss=0.034
  [epoch 10] step 710/909 loss=0.011
  [epoch 10] step 720/909 loss=0.028
  [epoch 10] step 730/909 loss=0.012
  [epoch 10] step 740/909 loss=0.029
  [epoch 10] step 750/909 loss=0.006
  [epoch 10] step 760/909 loss=0.005
  [epoch 10] step 770/909 loss=0.030
  [epoch 10] step 780/909 loss=0.075
  [epoch 10] step 790/909 loss=0.032
  [epoch 10] step 800/909 loss=0.024
  [epoch 10] step 810/909 loss=0.049
  [epoch 10] step 820/909 loss=0.062
  [epoch 10] step 830/909 loss=0.043
  [epoch 10] step 840/909 loss=0.030
  [epoch 10] step 850/909 loss=0.011
  [epoch 10] step 860/909 loss=0.044
  [epoch 10] step 870/909 loss=0.008
  [epoch 10] step 880/909 loss=0.047
  [epoch 10] step 890/909 loss=0.014
  [epoch 10] step 900/909 loss=0.035
[epoch 10/12] train_loss=0.044 val_loss=0.202
  [epoch 11] step 10/909 loss=0.048
  [epoch 11] step 20/909 loss=0.013
  [epoch 11] step 30/909 loss=0.037
  [epoch 11] step 40/909 loss=0.011
  [epoch 11] step 50/909 loss=0.017
  [epoch 11] step 60/909 loss=0.023
  [epoch 11] step 70/909 loss=0.056
  [epoch 11] step 80/909 loss=0.021
  [epoch 11] step 90/909 loss=0.024
  [epoch 11] step 100/909 loss=0.085
  [epoch 11] step 110/909 loss=0.058
  [epoch 11] step 120/909 loss=0.081
  [epoch 11] step 130/909 loss=0.078
  [epoch 11] step 140/909 loss=0.059
  [epoch 11] step 150/909 loss=0.013
  [epoch 11] step 160/909 loss=0.026
  [epoch 11] step 170/909 loss=0.125
  [epoch 11] step 180/909 loss=0.011
  [epoch 11] step 190/909 loss=0.059
  [epoch 11] step 200/909 loss=0.015
  [epoch 11] step 210/909 loss=0.080
  [epoch 11] step 220/909 loss=0.285
  [epoch 11] step 230/909 loss=0.059
  [epoch 11] step 240/909 loss=0.038
  [epoch 11] step 250/909 loss=0.074
  [epoch 11] step 260/909 loss=0.072
  [epoch 11] step 270/909 loss=0.031
  [epoch 11] step 280/909 loss=0.022
  [epoch 11] step 290/909 loss=0.017
  [epoch 11] step 300/909 loss=0.025
  [epoch 11] step 310/909 loss=0.012
  [epoch 11] step 320/909 loss=0.039
  [epoch 11] step 330/909 loss=0.009
  [epoch 11] step 340/909 loss=0.010
  [epoch 11] step 350/909 loss=0.022
  [epoch 11] step 360/909 loss=0.020
  [epoch 11] step 370/909 loss=0.010
  [epoch 11] step 380/909 loss=0.024
  [epoch 11] step 390/909 loss=0.045
  [epoch 11] step 400/909 loss=0.060
  [epoch 11] step 410/909 loss=0.030
  [epoch 11] step 420/909 loss=0.143
  [epoch 11] step 430/909 loss=0.040
  [epoch 11] step 440/909 loss=0.023
  [epoch 11] step 450/909 loss=0.007
  [epoch 11] step 460/909 loss=0.089
  [epoch 11] step 470/909 loss=0.015
  [epoch 11] step 480/909 loss=0.007
  [epoch 11] step 490/909 loss=0.029
  [epoch 11] step 500/909 loss=0.012
  [epoch 11] step 510/909 loss=0.015
  [epoch 11] step 520/909 loss=0.024
  [epoch 11] step 530/909 loss=0.005
  [epoch 11] step 540/909 loss=0.042
  [epoch 11] step 550/909 loss=0.060
  [epoch 11] step 560/909 loss=0.032
  [epoch 11] step 570/909 loss=0.042
  [epoch 11] step 580/909 loss=0.114
  [epoch 11] step 590/909 loss=0.010
  [epoch 11] step 600/909 loss=0.038
  [epoch 11] step 610/909 loss=0.028
  [epoch 11] step 620/909 loss=0.036
  [epoch 11] step 630/909 loss=0.053
  [epoch 11] step 640/909 loss=0.030
  [epoch 11] step 650/909 loss=0.083
  [epoch 11] step 660/909 loss=0.008
  [epoch 11] step 670/909 loss=0.040
  [epoch 11] step 680/909 loss=0.108
  [epoch 11] step 690/909 loss=0.013
  [epoch 11] step 700/909 loss=0.051
  [epoch 11] step 710/909 loss=0.055
  [epoch 11] step 720/909 loss=0.017
  [epoch 11] step 730/909 loss=0.099
  [epoch 11] step 740/909 loss=0.020
  [epoch 11] step 750/909 loss=0.033
  [epoch 11] step 760/909 loss=0.063
  [epoch 11] step 770/909 loss=0.001
  [epoch 11] step 780/909 loss=0.075
  [epoch 11] step 790/909 loss=0.013
  [epoch 11] step 800/909 loss=0.047
  [epoch 11] step 810/909 loss=0.113
  [epoch 11] step 820/909 loss=0.026
  [epoch 11] step 830/909 loss=0.055
  [epoch 11] step 840/909 loss=0.031
  [epoch 11] step 850/909 loss=0.017
  [epoch 11] step 860/909 loss=0.038
  [epoch 11] step 870/909 loss=0.007
  [epoch 11] step 880/909 loss=0.011
  [epoch 11] step 890/909 loss=0.058
  [epoch 11] step 900/909 loss=0.061
[epoch 11/12] train_loss=0.042 val_loss=0.234
  [epoch 12] step 10/909 loss=0.013
  [epoch 12] step 20/909 loss=0.043
  [epoch 12] step 30/909 loss=0.017
  [epoch 12] step 40/909 loss=0.009
  [epoch 12] step 50/909 loss=0.055
  [epoch 12] step 60/909 loss=0.026
  [epoch 12] step 70/909 loss=0.033
  [epoch 12] step 80/909 loss=0.007
  [epoch 12] step 90/909 loss=0.049
  [epoch 12] step 100/909 loss=0.100
  [epoch 12] step 110/909 loss=0.022
  [epoch 12] step 120/909 loss=0.038
  [epoch 12] step 130/909 loss=0.051
  [epoch 12] step 140/909 loss=0.056
  [epoch 12] step 150/909 loss=0.030
  [epoch 12] step 160/909 loss=0.040
  [epoch 12] step 170/909 loss=0.053
  [epoch 12] step 180/909 loss=0.041
  [epoch 12] step 190/909 loss=0.046
  [epoch 12] step 200/909 loss=0.014
  [epoch 12] step 210/909 loss=0.045
  [epoch 12] step 220/909 loss=0.005
  [epoch 12] step 230/909 loss=0.033
  [epoch 12] step 240/909 loss=0.034
  [epoch 12] step 250/909 loss=0.020
  [epoch 12] step 260/909 loss=0.036
  [epoch 12] step 270/909 loss=0.011
  [epoch 12] step 280/909 loss=0.045
  [epoch 12] step 290/909 loss=0.028
  [epoch 12] step 300/909 loss=0.006
  [epoch 12] step 310/909 loss=0.075
  [epoch 12] step 320/909 loss=0.029
  [epoch 12] step 330/909 loss=0.067
  [epoch 12] step 340/909 loss=0.022
  [epoch 12] step 350/909 loss=0.020
  [epoch 12] step 360/909 loss=0.047
  [epoch 12] step 370/909 loss=0.008
  [epoch 12] step 380/909 loss=0.015
  [epoch 12] step 390/909 loss=0.008
  [epoch 12] step 400/909 loss=0.021
  [epoch 12] step 410/909 loss=0.015
  [epoch 12] step 420/909 loss=0.028
  [epoch 12] step 430/909 loss=0.041
  [epoch 12] step 440/909 loss=0.002
  [epoch 12] step 450/909 loss=0.015
  [epoch 12] step 460/909 loss=0.078
  [epoch 12] step 470/909 loss=0.018
  [epoch 12] step 480/909 loss=0.029
  [epoch 12] step 490/909 loss=0.021
  [epoch 12] step 500/909 loss=0.018
  [epoch 12] step 510/909 loss=0.029
  [epoch 12] step 520/909 loss=0.031
  [epoch 12] step 530/909 loss=0.003
  [epoch 12] step 540/909 loss=0.036
  [epoch 12] step 550/909 loss=0.155
  [epoch 12] step 560/909 loss=0.028
  [epoch 12] step 570/909 loss=0.059
  [epoch 12] step 580/909 loss=0.039
  [epoch 12] step 590/909 loss=0.078
  [epoch 12] step 600/909 loss=0.019
  [epoch 12] step 610/909 loss=0.029
  [epoch 12] step 620/909 loss=0.040
  [epoch 12] step 630/909 loss=0.089
  [epoch 12] step 640/909 loss=0.011
  [epoch 12] step 650/909 loss=0.039
  [epoch 12] step 660/909 loss=0.073
  [epoch 12] step 670/909 loss=0.008
  [epoch 12] step 680/909 loss=0.048
  [epoch 12] step 690/909 loss=0.015
  [epoch 12] step 700/909 loss=0.011
  [epoch 12] step 710/909 loss=0.011
  [epoch 12] step 720/909 loss=0.055
  [epoch 12] step 730/909 loss=0.015
  [epoch 12] step 740/909 loss=0.013
  [epoch 12] step 750/909 loss=0.060
  [epoch 12] step 760/909 loss=0.008
  [epoch 12] step 770/909 loss=0.051
  [epoch 12] step 780/909 loss=0.025
  [epoch 12] step 790/909 loss=0.008
  [epoch 12] step 800/909 loss=0.014
  [epoch 12] step 810/909 loss=0.064
  [epoch 12] step 820/909 loss=0.040
  [epoch 12] step 830/909 loss=0.003
  [epoch 12] step 840/909 loss=0.030
  [epoch 12] step 850/909 loss=0.042
  [epoch 12] step 860/909 loss=0.021
  [epoch 12] step 870/909 loss=0.131
  [epoch 12] step 880/909 loss=0.102
  [epoch 12] step 890/909 loss=0.020
  [epoch 12] step 900/909 loss=0.022
[epoch 12/12] train_loss=0.038 val_loss=0.208
最终权重已保存: runs/divide_baseline
验证集指标 -> SROCC=0.6723 PLCC=0.6723 OBJ=1.3446
